#
# There is insufficient memory for the Java Runtime Environment to continue.
# Native memory allocation (malloc) failed to allocate 2160240 bytes. Error detail: Chunk::new
# Possible reasons:
#   The system is out of physical RAM or swap space
#   This process is running with CompressedOops enabled, and the Java Heap may be blocking the growth of the native heap
# Possible solutions:
#   Reduce memory load on the system
#   Increase physical memory or swap space
#   Check if swap backing store is full
#   Decrease Java heap size (-Xmx/-Xms)
#   Decrease number of Java threads
#   Decrease Java thread stack sizes (-Xss)
#   Set larger code cache with -XX:ReservedCodeCacheSize=
#   JVM is running with Unscaled Compressed Oops mode in which the Java heap is
#     placed in the first 4GB address space. The Java Heap base address is the
#     maximum limit for the native heap growth. Please use -XX:HeapBaseMinAddress
#     to set the Java Heap base and to place the Java Heap above 4GB virtual address.
# This output file may be truncated or incomplete.
#
#  Out of Memory Error (arena.cpp:168), pid=26876, tid=36148
#
# JRE version: OpenJDK Runtime Environment Temurin-21.0.11+10 (21.0.11+10) (build 21.0.11+10-LTS)
# Java VM: OpenJDK 64-Bit Server VM Temurin-21.0.11+10 (21.0.11+10-LTS, mixed mode, sharing, tiered, compressed oops, compressed class ptrs, g1 gc, windows-amd64)
# No core dump will be written. Minidumps are not enabled by default on client versions of Windows
#

---------------  S U M M A R Y ------------

Command Line: --add-opens=java.base/java.lang=ALL-UNNAMED --add-opens=java.base/java.lang.invoke=ALL-UNNAMED --add-opens=java.base/java.util=ALL-UNNAMED --add-opens=java.prefs/java.util.prefs=ALL-UNNAMED --add-exports=jdk.compiler/com.sun.tools.javac.api=ALL-UNNAMED --add-exports=jdk.compiler/com.sun.tools.javac.util=ALL-UNNAMED --add-opens=java.base/java.util=ALL-UNNAMED --add-opens=java.prefs/java.util.prefs=ALL-UNNAMED --add-opens=java.base/java.nio.charset=ALL-UNNAMED --add-opens=java.base/java.net=ALL-UNNAMED --add-opens=java.base/java.util.concurrent=ALL-UNNAMED --add-opens=java.base/java.util.concurrent.atomic=ALL-UNNAMED --add-opens=java.xml/javax.xml.namespace=ALL-UNNAMED --add-opens=java.base/java.time=ALL-UNNAMED -XX:MaxMetaspaceSize=512m -Xmx2048m -Dfile.encoding=UTF-8 -Duser.country=BR -Duser.language=pt -Duser.variant -javaagent:C:\Users\Gabriel\.gradle\wrapper\dists\gradle-9.3.1-bin\23ovyewtku6u96viwx3xl3oks\gradle-9.3.1\lib\agents\gradle-instrumentation-agent-9.3.1.jar org.gradle.launcher.daemon.bootstrap.GradleDaemon 9.3.1

Host: AMD Ryzen 9 5900X 12-Core Processor            , 24 cores, 15G,  Windows 11 , 64 bit Build 26100 (10.0.26100.8521)
Time: Thu Jul  2 16:45:58 2026 Hora oficial do Brasil elapsed time: 11.462859 seconds (0d 0h 0m 11s)

---------------  T H R E A D  ---------------

Current thread (0x0000021cf71a7090):  JavaThread "C2 CompilerThread0" daemon [_thread_in_native, id=36148, stack(0x00000061bfd00000,0x00000061bfe00000) (1024K)]


Current CompileTask:
C2:11462 5011       4       java.lang.invoke.InvokerBytecodeGenerator::addMethod (725 bytes)

Stack: [0x00000061bfd00000,0x00000061bfe00000]
Native frames: (J=compiled Java code, j=interpreted, Vv=VM code, C=native code)
V  [jvm.dll+0x6d7e19]
V  [jvm.dll+0x8b5096]
V  [jvm.dll+0x8b764e]
V  [jvm.dll+0x8b7d33]
V  [jvm.dll+0x284596]
V  [jvm.dll+0xc685d]
V  [jvm.dll+0xc6da1]
V  [jvm.dll+0x3bed6b]
V  [jvm.dll+0x38b2b2]
V  [jvm.dll+0x38a6fa]
V  [jvm.dll+0x24c700]
V  [jvm.dll+0x24bce0]
V  [jvm.dll+0x1cb4ae]
V  [jvm.dll+0x25baad]
V  [jvm.dll+0x25a03a]
V  [jvm.dll+0x3f868e]
V  [jvm.dll+0x85fb0d]
V  [jvm.dll+0x6d664d]
C  [ucrtbase.dll+0x2cd30]
C  [KERNEL32.DLL+0x2e957]
C  [ntdll.dll+0x87c1c]


---------------  P R O C E S S  ---------------

Threads class SMR info:
_java_thread_list=0x0000021cfd33c140, length=39, elements={
0x0000021cde2ded50, 0x0000021cf630b930, 0x0000021cf630e3a0, 0x0000021cf6311400,
0x0000021cf631a840, 0x0000021cf7191f10, 0x0000021cf7193590, 0x0000021cf71a7090,
0x0000021cf71aac10, 0x0000021cf748c5b0, 0x0000021cf7501f80, 0x0000021cfd1e5a80,
0x0000021cfd1cd6a0, 0x0000021cfd15bba0, 0x0000021cfd351b80, 0x0000021cfd192320,
0x0000021cfd2b59c0, 0x0000021cfd2b6050, 0x0000021cfd2b66e0, 0x0000021cfd2b4610,
0x0000021cfd2b6d70, 0x0000021cfd2b7400, 0x0000021cfd2b4ca0, 0x0000021cfd2b7a90,
0x0000021c9b1e8df0, 0x0000021c9b1e80d0, 0x0000021c9b1e6000, 0x0000021c9b1e9480,
0x0000021c9b1e9b10, 0x0000021c9b1e6690, 0x0000021c9b1ea1a0, 0x0000021c9b1e6d20,
0x0000021c9b1ea830, 0x0000021c9b1e73b0, 0x0000021c9b1ec900, 0x0000021c9b1ecf90,
0x0000021c9b1eaec0, 0x0000021c9b1ebbe0, 0x0000021cf71ace20
}

Java Threads: ( => current thread )
  0x0000021cde2ded50 JavaThread "main"                              [_thread_blocked, id=38184, stack(0x00000061bef00000,0x00000061bf000000) (1024K)]
  0x0000021cf630b930 JavaThread "Reference Handler"          daemon [_thread_blocked, id=39064, stack(0x00000061bf700000,0x00000061bf800000) (1024K)]
  0x0000021cf630e3a0 JavaThread "Finalizer"                  daemon [_thread_blocked, id=39628, stack(0x00000061bf800000,0x00000061bf900000) (1024K)]
  0x0000021cf6311400 JavaThread "Signal Dispatcher"          daemon [_thread_blocked, id=14376, stack(0x00000061bf900000,0x00000061bfa00000) (1024K)]
  0x0000021cf631a840 JavaThread "Attach Listener"            daemon [_thread_blocked, id=33440, stack(0x00000061bfa00000,0x00000061bfb00000) (1024K)]
  0x0000021cf7191f10 JavaThread "Service Thread"             daemon [_thread_blocked, id=37892, stack(0x00000061bfb00000,0x00000061bfc00000) (1024K)]
  0x0000021cf7193590 JavaThread "Monitor Deflation Thread"   daemon [_thread_blocked, id=29496, stack(0x00000061bfc00000,0x00000061bfd00000) (1024K)]
=>0x0000021cf71a7090 JavaThread "C2 CompilerThread0"         daemon [_thread_in_native, id=36148, stack(0x00000061bfd00000,0x00000061bfe00000) (1024K)]
  0x0000021cf71aac10 JavaThread "C1 CompilerThread0"         daemon [_thread_blocked, id=38644, stack(0x00000061bfe00000,0x00000061bff00000) (1024K)]
  0x0000021cf748c5b0 JavaThread "Common-Cleaner"             daemon [_thread_blocked, id=5984, stack(0x00000061c0000000,0x00000061c0100000) (1024K)]
  0x0000021cf7501f80 JavaThread "Notification Thread"        daemon [_thread_blocked, id=38372, stack(0x00000061c0100000,0x00000061c0200000) (1024K)]
  0x0000021cfd1e5a80 JavaThread "Daemon health stats"               [_thread_blocked, id=27576, stack(0x00000061c0300000,0x00000061c0400000) (1024K)]
  0x0000021cfd1cd6a0 JavaThread "Incoming local TCP Connector on port 49269"        [_thread_in_native, id=30592, stack(0x00000061c0900000,0x00000061c0a00000) (1024K)]
  0x0000021cfd15bba0 JavaThread "Daemon periodic checks"            [_thread_blocked, id=38696, stack(0x00000061c0c00000,0x00000061c0d00000) (1024K)]
  0x0000021cfd351b80 JavaThread "Daemon"                            [_thread_blocked, id=38716, stack(0x00000061c0d00000,0x00000061c0e00000) (1024K)]
  0x0000021cfd192320 JavaThread "Handler for socket connection from /127.0.0.1:49269 to /127.0.0.1:49270"        [_thread_in_native, id=35816, stack(0x00000061c0e00000,0x00000061c0f00000) (1024K)]
  0x0000021cfd2b59c0 JavaThread "Cancel handler"                    [_thread_blocked, id=32380, stack(0x00000061c0200000,0x00000061c0300000) (1024K)]
  0x0000021cfd2b6050 JavaThread "Daemon worker"                     [_thread_in_native, id=17428, stack(0x00000061c0f00000,0x00000061c1000000) (1024K)]
  0x0000021cfd2b66e0 JavaThread "Asynchronous log dispatcher for DefaultDaemonConnection: socket connection from /127.0.0.1:49269 to /127.0.0.1:49270"        [_thread_blocked, id=39180, stack(0x00000061c1000000,0x00000061c1100000) (1024K)]
  0x0000021cfd2b4610 JavaThread "Stdin handler"                     [_thread_blocked, id=39128, stack(0x00000061c1100000,0x00000061c1200000) (1024K)]
  0x0000021cfd2b6d70 JavaThread "Daemon client event forwarder"        [_thread_blocked, id=38548, stack(0x00000061c1200000,0x00000061c1300000) (1024K)]
  0x0000021cfd2b7400 JavaThread "Cache worker for journal cache (C:\Users\Gabriel\.gradle\caches\journal-1)"        [_thread_blocked, id=31668, stack(0x00000061c1300000,0x00000061c1400000) (1024K)]
  0x0000021cfd2b4ca0 JavaThread "File lock request listener"        [_thread_in_native, id=37224, stack(0x00000061c1400000,0x00000061c1500000) (1024K)]
  0x0000021cfd2b7a90 JavaThread "Cache worker for file hash cache (C:\Users\Gabriel\.gradle\caches\9.3.1\fileHashes)"        [_thread_blocked, id=31296, stack(0x00000061c1500000,0x00000061c1600000) (1024K)]
  0x0000021c9b1e8df0 JavaThread "File lock release action executor"        [_thread_blocked, id=30472, stack(0x00000061c2800000,0x00000061c2900000) (1024K)]
  0x0000021c9b1e80d0 JavaThread "Cache worker for file hash cache (C:\Users\Gabriel\Documents\GitHub\AcessoLivre\frontend\android\.gradle\9.3.1\fileHashes)"        [_thread_blocked, id=39112, stack(0x00000061c2900000,0x00000061c2a00000) (1024K)]
  0x0000021c9b1e6000 JavaThread "Cache worker for Build Output Cleanup Cache (C:\Users\Gabriel\Documents\GitHub\AcessoLivre\frontend\android\.gradle\buildOutputCleanup)"        [_thread_blocked, id=38944, stack(0x00000061c2a00000,0x00000061c2b00000) (1024K)]
  0x0000021c9b1e9480 JavaThread "File watcher server"        daemon [_thread_in_native, id=38456, stack(0x00000061c2b00000,0x00000061c2c00000) (1024K)]
  0x0000021c9b1e9b10 JavaThread "File watcher consumer"      daemon [_thread_blocked, id=30740, stack(0x00000061c2c00000,0x00000061c2d00000) (1024K)]
  0x0000021c9b1e6690 JavaThread "Cache worker for checksums cache (C:\Users\Gabriel\Documents\GitHub\AcessoLivre\frontend\android\.gradle\9.3.1\checksums)"        [_thread_blocked, id=38700, stack(0x00000061c1600000,0x00000061c1700000) (1024K)]
  0x0000021c9b1ea1a0 JavaThread "Cache worker for file content cache (C:\Users\Gabriel\.gradle\caches\9.3.1\fileContent)"        [_thread_blocked, id=37980, stack(0x00000061c2d00000,0x00000061c2e00000) (1024K)]
  0x0000021c9b1e6d20 JavaThread "Cache worker for cache directory md-supplier (C:\Users\Gabriel\.gradle\caches\9.3.1\md-supplier)"        [_thread_blocked, id=27224, stack(0x00000061c2700000,0x00000061c2800000) (1024K)]
  0x0000021c9b1ea830 JavaThread "Cache worker for cache directory md-rule (C:\Users\Gabriel\.gradle\caches\9.3.1\md-rule)"        [_thread_blocked, id=25572, stack(0x00000061c2e00000,0x00000061c2f00000) (1024K)]
  0x0000021c9b1e73b0 JavaThread "jar transforms"                    [_thread_blocked, id=31328, stack(0x00000061c3100000,0x00000061c3200000) (1024K)]
  0x0000021c9b1ec900 JavaThread "Exec process"                      [_thread_blocked, id=28884, stack(0x00000061c3200000,0x00000061c3300000) (1024K)]
  0x0000021c9b1ecf90 JavaThread "Exec process Thread 2"             [_thread_blocked, id=31552, stack(0x00000061c3300000,0x00000061c3400000) (1024K)]
  0x0000021c9b1eaec0 JavaThread "Exec process Thread 3"             [_thread_blocked, id=31348, stack(0x00000061c3400000,0x00000061c3500000) (1024K)]
  0x0000021c9b1ebbe0 JavaThread "Cache worker for Build Output Cleanup Cache (C:\Users\Gabriel\Documents\GitHub\AcessoLivre\frontend\node_modules\@react-native\gradle-plugin\.gradle\buildOutputCleanup)"        [_thread_blocked, id=31508, stack(0x00000061bff00000,0x00000061c0000000) (1024K)]
  0x0000021cf71ace20 JavaThread "C2 CompilerThread1"         daemon [_thread_in_native, id=38172, stack(0x00000061c0a00000,0x00000061c0b00000) (1024K)]
Total: 39

Other Threads:
  0x0000021cf62f2980 VMThread "VM Thread"                           [id=36424, stack(0x00000061bf600000,0x00000061bf700000) (1024K)]
  0x0000021cf71910a0 WatcherThread "VM Periodic Task Thread"        [id=38792, stack(0x00000061bf500000,0x00000061bf600000) (1024K)]
  0x0000021cde33b1b0 WorkerThread "GC Thread#0"                     [id=39644, stack(0x00000061bf000000,0x00000061bf100000) (1024K)]
  0x0000021cf756ab80 WorkerThread "GC Thread#1"                     [id=32628, stack(0x00000061c0400000,0x00000061c0500000) (1024K)]
  0x0000021cf7540d10 WorkerThread "GC Thread#2"                     [id=38064, stack(0x00000061c0500000,0x00000061c0600000) (1024K)]
  0x0000021cf7637c30 WorkerThread "GC Thread#3"                     [id=24008, stack(0x00000061c0600000,0x00000061c0700000) (1024K)]
  0x0000021cf7637fe0 WorkerThread "GC Thread#4"                     [id=38000, stack(0x00000061c0700000,0x00000061c0800000) (1024K)]
  0x0000021cf75f2f50 WorkerThread "GC Thread#5"                     [id=39460, stack(0x00000061c0800000,0x00000061c0900000) (1024K)]
  0x0000021c9b41b7c0 WorkerThread "GC Thread#6"                     [id=39344, stack(0x00000061c1700000,0x00000061c1800000) (1024K)]
  0x0000021c9b41bb70 WorkerThread "GC Thread#7"                     [id=36208, stack(0x00000061c1800000,0x00000061c1900000) (1024K)]
  0x0000021c9b41ca30 WorkerThread "GC Thread#8"                     [id=27872, stack(0x00000061c1900000,0x00000061c1a00000) (1024K)]
  0x0000021c9b41bf20 WorkerThread "GC Thread#9"                     [id=28260, stack(0x00000061c1a00000,0x00000061c1b00000) (1024K)]
  0x0000021c9b41c680 WorkerThread "GC Thread#10"                    [id=32624, stack(0x00000061c1b00000,0x00000061c1c00000) (1024K)]
  0x0000021cff115750 WorkerThread "GC Thread#11"                    [id=32640, stack(0x00000061c1c00000,0x00000061c1d00000) (1024K)]
  0x0000021cff113d80 WorkerThread "GC Thread#12"                    [id=32592, stack(0x00000061c1d00000,0x00000061c1e00000) (1024K)]
  0x0000021cff1139d0 WorkerThread "GC Thread#13"                    [id=32696, stack(0x00000061c1e00000,0x00000061c1f00000) (1024K)]
  0x0000021cff115eb0 WorkerThread "GC Thread#14"                    [id=23776, stack(0x00000061c1f00000,0x00000061c2000000) (1024K)]
  0x0000021cff1169c0 WorkerThread "GC Thread#15"                    [id=22564, stack(0x00000061c2000000,0x00000061c2100000) (1024K)]
  0x0000021cff116260 WorkerThread "GC Thread#16"                    [id=33952, stack(0x00000061c2100000,0x00000061c2200000) (1024K)]
  0x0000021cff114ff0 WorkerThread "GC Thread#17"                    [id=36380, stack(0x00000061c2200000,0x00000061c2300000) (1024K)]
  0x0000021cde34dfe0 ConcurrentGCThread "G1 Main Marker"            [id=39140, stack(0x00000061bf100000,0x00000061bf200000) (1024K)]
  0x0000021cde34f9b0 WorkerThread "G1 Conc#0"                       [id=38232, stack(0x00000061bf200000,0x00000061bf300000) (1024K)]
  0x0000021cff114130 WorkerThread "G1 Conc#1"                       [id=36452, stack(0x00000061c2300000,0x00000061c2400000) (1024K)]
  0x0000021cff1144e0 WorkerThread "G1 Conc#2"                       [id=36440, stack(0x00000061c2400000,0x00000061c2500000) (1024K)]
  0x0000021cff116610 WorkerThread "G1 Conc#3"                       [id=32156, stack(0x00000061c2500000,0x00000061c2600000) (1024K)]
  0x0000021cff117120 WorkerThread "G1 Conc#4"                       [id=28580, stack(0x00000061c2600000,0x00000061c2700000) (1024K)]
  0x0000021cde39eb00 ConcurrentGCThread "G1 Refine#0"               [id=39748, stack(0x00000061bf300000,0x00000061bf400000) (1024K)]
  0x0000021cf6233ac0 ConcurrentGCThread "G1 Service"                [id=39036, stack(0x00000061bf400000,0x00000061bf500000) (1024K)]
Total: 28

Threads with active compile tasks:
C2 CompilerThread0  11494 5011       4       java.lang.invoke.InvokerBytecodeGenerator::addMethod (725 bytes)
C2 CompilerThread1  11494 5017       4       sun.invoke.util.VerifyAccess::isSamePackage (37 bytes)
Total: 2

VM state: not at safepoint (normal execution)

VM Mutex/Monitor currently owned by a thread: None

Heap address: 0x0000000080000000, size: 2048 MB, Compressed Oops mode: 32-bit

CDS archive(s) mapped at: [0x0000021c80000000-0x0000021c80ba0000-0x0000021c80ba0000), size 12189696, SharedBaseAddress: 0x0000021c80000000, ArchiveRelocationMode: 1.
Compressed class space mapped at: 0x0000021c81000000-0x0000021c9b000000, reserved size: 436207616
Narrow klass base: 0x0000021c80000000, Narrow klass shift: 0, Narrow klass range: 0x100000000

GC Precious Log:
 CardTable entry size: 512
 Card Set container configuration: InlinePtr #cards 5 size 8 Array Of Cards #cards 12 size 40 Howl #buckets 4 coarsen threshold 1843 Howl Bitmap #cards 512 size 80 coarsen threshold 460 Card regions per heap region 1 cards per card region 2048
 CPUs: 24 total, 24 available
 Memory: 16270M
 Large Page Support: Disabled
 NUMA Support: Disabled
 Compressed Oops: Enabled (32-bit)
 Heap Region Size: 1M
 Heap Min Capacity: 8M
 Heap Initial Capacity: 256M
 Heap Max Capacity: 2G
 Pre-touch: Disabled
 Parallel Workers: 18
 Concurrent Workers: 5
 Concurrent Refinement Workers: 18
 Periodic GC: Disabled

Heap:
 garbage-first heap   total 107520K, used 73620K [0x0000000080000000, 0x0000000100000000)
  region size 1024K, 44 young (45056K), 7 survivors (7168K)
 Metaspace       used 41997K, committed 43840K, reserved 491520K
  class space    used 6192K, committed 7104K, reserved 425984K

Heap Regions: E=young(eden), S=young(survivor), O=old, HS=humongous(starts), HC=humongous(continues), CS=collection set, F=free, TAMS=top-at-mark-start, PB=parsable bottom
|   0|0x0000000080000000, 0x0000000080100000, 0x0000000080100000|100%|HS|  |TAMS 0x0000000080000000| PB 0x0000000080000000| Complete 
|   1|0x0000000080100000, 0x0000000080200000, 0x0000000080200000|100%|HC|  |TAMS 0x0000000080100000| PB 0x0000000080100000| Complete 
|   2|0x0000000080200000, 0x0000000080300000, 0x0000000080300000|100%|HC|  |TAMS 0x0000000080200000| PB 0x0000000080200000| Complete 
|   3|0x0000000080300000, 0x0000000080400000, 0x0000000080400000|100%|HC|  |TAMS 0x0000000080300000| PB 0x0000000080300000| Complete 
|   4|0x0000000080400000, 0x0000000080500000, 0x0000000080500000|100%| O|  |TAMS 0x0000000080400000| PB 0x0000000080400000| Untracked 
|   5|0x0000000080500000, 0x0000000080600000, 0x0000000080600000|100%| O|  |TAMS 0x0000000080500000| PB 0x0000000080500000| Untracked 
|   6|0x0000000080600000, 0x0000000080700000, 0x0000000080700000|100%| O|  |TAMS 0x0000000080600000| PB 0x0000000080600000| Untracked 
|   7|0x0000000080700000, 0x0000000080800000, 0x0000000080800000|100%|HS|  |TAMS 0x0000000080700000| PB 0x0000000080700000| Complete 
|   8|0x0000000080800000, 0x0000000080900000, 0x0000000080900000|100%| O|  |TAMS 0x0000000080800000| PB 0x0000000080800000| Untracked 
|   9|0x0000000080900000, 0x0000000080a00000, 0x0000000080a00000|100%| O|  |TAMS 0x0000000080900000| PB 0x0000000080900000| Untracked 
|  10|0x0000000080a00000, 0x0000000080b00000, 0x0000000080b00000|100%| O|  |TAMS 0x0000000080a00000| PB 0x0000000080a00000| Untracked 
|  11|0x0000000080b00000, 0x0000000080be51a0, 0x0000000080c00000| 89%| O|  |TAMS 0x0000000080b00000| PB 0x0000000080b00000| Untracked 
|  12|0x0000000080c00000, 0x0000000080c00000, 0x0000000080d00000|  0%| F|  |TAMS 0x0000000080c00000| PB 0x0000000080c00000| Untracked 
|  13|0x0000000080d00000, 0x0000000080d00000, 0x0000000080e00000|  0%| F|  |TAMS 0x0000000080d00000| PB 0x0000000080d00000| Untracked 
|  14|0x0000000080e00000, 0x0000000080e00000, 0x0000000080f00000|  0%| F|  |TAMS 0x0000000080e00000| PB 0x0000000080e00000| Untracked 
|  15|0x0000000080f00000, 0x0000000080f00000, 0x0000000081000000|  0%| F|  |TAMS 0x0000000080f00000| PB 0x0000000080f00000| Untracked 
|  16|0x0000000081000000, 0x0000000081000000, 0x0000000081100000|  0%| F|  |TAMS 0x0000000081000000| PB 0x0000000081000000| Untracked 
|  17|0x0000000081100000, 0x0000000081100000, 0x0000000081200000|  0%| F|  |TAMS 0x0000000081100000| PB 0x0000000081100000| Untracked 
|  18|0x0000000081200000, 0x0000000081200000, 0x0000000081300000|  0%| F|  |TAMS 0x0000000081200000| PB 0x0000000081200000| Untracked 
|  19|0x0000000081300000, 0x0000000081300000, 0x0000000081400000|  0%| F|  |TAMS 0x0000000081300000| PB 0x0000000081300000| Untracked 
|  20|0x0000000081400000, 0x0000000081400000, 0x0000000081500000|  0%| F|  |TAMS 0x0000000081400000| PB 0x0000000081400000| Untracked 
|  21|0x0000000081500000, 0x0000000081500000, 0x0000000081600000|  0%| F|  |TAMS 0x0000000081500000| PB 0x0000000081500000| Untracked 
|  22|0x0000000081600000, 0x0000000081600000, 0x0000000081700000|  0%| F|  |TAMS 0x0000000081600000| PB 0x0000000081600000| Untracked 
|  23|0x0000000081700000, 0x0000000081700000, 0x0000000081800000|  0%| F|  |TAMS 0x0000000081700000| PB 0x0000000081700000| Untracked 
|  24|0x0000000081800000, 0x0000000081800000, 0x0000000081900000|  0%| F|  |TAMS 0x0000000081800000| PB 0x0000000081800000| Untracked 
|  25|0x0000000081900000, 0x0000000081a00000, 0x0000000081a00000|100%| S|CS|TAMS 0x0000000081900000| PB 0x0000000081900000| Complete 
|  26|0x0000000081a00000, 0x0000000081b00000, 0x0000000081b00000|100%| S|CS|TAMS 0x0000000081a00000| PB 0x0000000081a00000| Complete 
|  27|0x0000000081b00000, 0x0000000081c00000, 0x0000000081c00000|100%| S|CS|TAMS 0x0000000081b00000| PB 0x0000000081b00000| Complete 
|  28|0x0000000081c00000, 0x0000000081d00000, 0x0000000081d00000|100%| S|CS|TAMS 0x0000000081c00000| PB 0x0000000081c00000| Complete 
|  29|0x0000000081d00000, 0x0000000081e00000, 0x0000000081e00000|100%| S|CS|TAMS 0x0000000081d00000| PB 0x0000000081d00000| Complete 
|  30|0x0000000081e00000, 0x0000000081f00000, 0x0000000081f00000|100%| S|CS|TAMS 0x0000000081e00000| PB 0x0000000081e00000| Complete 
|  31|0x0000000081f00000, 0x0000000082000000, 0x0000000082000000|100%| S|CS|TAMS 0x0000000081f00000| PB 0x0000000081f00000| Complete 
|  32|0x0000000082000000, 0x0000000082000000, 0x0000000082100000|  0%| F|  |TAMS 0x0000000082000000| PB 0x0000000082000000| Untracked 
|  33|0x0000000082100000, 0x0000000082100000, 0x0000000082200000|  0%| F|  |TAMS 0x0000000082100000| PB 0x0000000082100000| Untracked 
|  34|0x0000000082200000, 0x0000000082200000, 0x0000000082300000|  0%| F|  |TAMS 0x0000000082200000| PB 0x0000000082200000| Untracked 
|  35|0x0000000082300000, 0x0000000082300000, 0x0000000082400000|  0%| F|  |TAMS 0x0000000082300000| PB 0x0000000082300000| Untracked 
|  36|0x0000000082400000, 0x0000000082400000, 0x0000000082500000|  0%| F|  |TAMS 0x0000000082400000| PB 0x0000000082400000| Untracked 
|  37|0x0000000082500000, 0x0000000082500000, 0x0000000082600000|  0%| F|  |TAMS 0x0000000082500000| PB 0x0000000082500000| Untracked 
|  38|0x0000000082600000, 0x0000000082600000, 0x0000000082700000|  0%| F|  |TAMS 0x0000000082600000| PB 0x0000000082600000| Untracked 
|  39|0x0000000082700000, 0x0000000082700000, 0x0000000082800000|  0%| F|  |TAMS 0x0000000082700000| PB 0x0000000082700000| Untracked 
|  40|0x0000000082800000, 0x0000000082800000, 0x0000000082900000|  0%| F|  |TAMS 0x0000000082800000| PB 0x0000000082800000| Untracked 
|  41|0x0000000082900000, 0x0000000082900000, 0x0000000082a00000|  0%| F|  |TAMS 0x0000000082900000| PB 0x0000000082900000| Untracked 
|  42|0x0000000082a00000, 0x0000000082a00000, 0x0000000082b00000|  0%| F|  |TAMS 0x0000000082a00000| PB 0x0000000082a00000| Untracked 
|  43|0x0000000082b00000, 0x0000000082b00000, 0x0000000082c00000|  0%| F|  |TAMS 0x0000000082b00000| PB 0x0000000082b00000| Untracked 
|  44|0x0000000082c00000, 0x0000000082c00000, 0x0000000082d00000|  0%| F|  |TAMS 0x0000000082c00000| PB 0x0000000082c00000| Untracked 
|  45|0x0000000082d00000, 0x0000000082d00000, 0x0000000082e00000|  0%| F|  |TAMS 0x0000000082d00000| PB 0x0000000082d00000| Untracked 
|  46|0x0000000082e00000, 0x0000000082e00000, 0x0000000082f00000|  0%| F|  |TAMS 0x0000000082e00000| PB 0x0000000082e00000| Untracked 
|  47|0x0000000082f00000, 0x0000000082f00000, 0x0000000083000000|  0%| F|  |TAMS 0x0000000082f00000| PB 0x0000000082f00000| Untracked 
|  48|0x0000000083000000, 0x0000000083000000, 0x0000000083100000|  0%| F|  |TAMS 0x0000000083000000| PB 0x0000000083000000| Untracked 
|  49|0x0000000083100000, 0x0000000083100000, 0x0000000083200000|  0%| F|  |TAMS 0x0000000083100000| PB 0x0000000083100000| Untracked 
|  50|0x0000000083200000, 0x0000000083200000, 0x0000000083300000|  0%| F|  |TAMS 0x0000000083200000| PB 0x0000000083200000| Untracked 
|  51|0x0000000083300000, 0x0000000083380000, 0x0000000083400000| 50%| E|  |TAMS 0x0000000083300000| PB 0x0000000083300000| Complete 
|  52|0x0000000083400000, 0x0000000083500000, 0x0000000083500000|100%| E|CS|TAMS 0x0000000083400000| PB 0x0000000083400000| Complete 
|  53|0x0000000083500000, 0x0000000083600000, 0x0000000083600000|100%| E|CS|TAMS 0x0000000083500000| PB 0x0000000083500000| Complete 
|  54|0x0000000083600000, 0x0000000083700000, 0x0000000083700000|100%| E|CS|TAMS 0x0000000083600000| PB 0x0000000083600000| Complete 
|  55|0x0000000083700000, 0x0000000083800000, 0x0000000083800000|100%| E|CS|TAMS 0x0000000083700000| PB 0x0000000083700000| Complete 
|  56|0x0000000083800000, 0x0000000083900000, 0x0000000083900000|100%| E|CS|TAMS 0x0000000083800000| PB 0x0000000083800000| Complete 
|  57|0x0000000083900000, 0x0000000083a00000, 0x0000000083a00000|100%| E|CS|TAMS 0x0000000083900000| PB 0x0000000083900000| Complete 
|  58|0x0000000083a00000, 0x0000000083b00000, 0x0000000083b00000|100%| E|CS|TAMS 0x0000000083a00000| PB 0x0000000083a00000| Complete 
|  59|0x0000000083b00000, 0x0000000083c00000, 0x0000000083c00000|100%| E|CS|TAMS 0x0000000083b00000| PB 0x0000000083b00000| Complete 
|  60|0x0000000083c00000, 0x0000000083d00000, 0x0000000083d00000|100%| E|CS|TAMS 0x0000000083c00000| PB 0x0000000083c00000| Complete 
|  61|0x0000000083d00000, 0x0000000083e00000, 0x0000000083e00000|100%| E|CS|TAMS 0x0000000083d00000| PB 0x0000000083d00000| Complete 
|  62|0x0000000083e00000, 0x0000000083f00000, 0x0000000083f00000|100%| E|CS|TAMS 0x0000000083e00000| PB 0x0000000083e00000| Complete 
|  63|0x0000000083f00000, 0x0000000084000000, 0x0000000084000000|100%| E|CS|TAMS 0x0000000083f00000| PB 0x0000000083f00000| Complete 
|  64|0x0000000084000000, 0x0000000084100000, 0x0000000084100000|100%| E|CS|TAMS 0x0000000084000000| PB 0x0000000084000000| Complete 
|  65|0x0000000084100000, 0x0000000084200000, 0x0000000084200000|100%| E|CS|TAMS 0x0000000084100000| PB 0x0000000084100000| Complete 
|  66|0x0000000084200000, 0x0000000084300000, 0x0000000084300000|100%| E|CS|TAMS 0x0000000084200000| PB 0x0000000084200000| Complete 
|  67|0x0000000084300000, 0x0000000084400000, 0x0000000084400000|100%| E|CS|TAMS 0x0000000084300000| PB 0x0000000084300000| Complete 
|  68|0x0000000084400000, 0x0000000084500000, 0x0000000084500000|100%| E|CS|TAMS 0x0000000084400000| PB 0x0000000084400000| Complete 
|  69|0x0000000084500000, 0x0000000084600000, 0x0000000084600000|100%| E|CS|TAMS 0x0000000084500000| PB 0x0000000084500000| Complete 
|  97|0x0000000086100000, 0x0000000086200000, 0x0000000086200000|100%| E|CS|TAMS 0x0000000086100000| PB 0x0000000086100000| Complete 
|  98|0x0000000086200000, 0x0000000086300000, 0x0000000086300000|100%| E|CS|TAMS 0x0000000086200000| PB 0x0000000086200000| Complete 
|  99|0x0000000086300000, 0x0000000086400000, 0x0000000086400000|100%| E|CS|TAMS 0x0000000086300000| PB 0x0000000086300000| Complete 
| 100|0x0000000086400000, 0x0000000086500000, 0x0000000086500000|100%| E|CS|TAMS 0x0000000086400000| PB 0x0000000086400000| Complete 
| 101|0x0000000086500000, 0x0000000086600000, 0x0000000086600000|100%| E|CS|TAMS 0x0000000086500000| PB 0x0000000086500000| Complete 
| 102|0x0000000086600000, 0x0000000086700000, 0x0000000086700000|100%| E|CS|TAMS 0x0000000086600000| PB 0x0000000086600000| Complete 
| 103|0x0000000086700000, 0x0000000086800000, 0x0000000086800000|100%| E|CS|TAMS 0x0000000086700000| PB 0x0000000086700000| Complete 
| 104|0x0000000086800000, 0x0000000086900000, 0x0000000086900000|100%| E|CS|TAMS 0x0000000086800000| PB 0x0000000086800000| Complete 
| 105|0x0000000086900000, 0x0000000086a00000, 0x0000000086a00000|100%| E|CS|TAMS 0x0000000086900000| PB 0x0000000086900000| Complete 
| 106|0x0000000086a00000, 0x0000000086b00000, 0x0000000086b00000|100%| E|CS|TAMS 0x0000000086a00000| PB 0x0000000086a00000| Complete 
| 107|0x0000000086b00000, 0x0000000086c00000, 0x0000000086c00000|100%| E|CS|TAMS 0x0000000086b00000| PB 0x0000000086b00000| Complete 
| 108|0x0000000086c00000, 0x0000000086d00000, 0x0000000086d00000|100%| E|CS|TAMS 0x0000000086c00000| PB 0x0000000086c00000| Complete 
| 109|0x0000000086d00000, 0x0000000086e00000, 0x0000000086e00000|100%| E|CS|TAMS 0x0000000086d00000| PB 0x0000000086d00000| Complete 
| 110|0x0000000086e00000, 0x0000000086f00000, 0x0000000086f00000|100%| E|CS|TAMS 0x0000000086e00000| PB 0x0000000086e00000| Complete 
| 111|0x0000000086f00000, 0x0000000087000000, 0x0000000087000000|100%| E|CS|TAMS 0x0000000086f00000| PB 0x0000000086f00000| Complete 
| 112|0x0000000087000000, 0x0000000087100000, 0x0000000087100000|100%| E|CS|TAMS 0x0000000087000000| PB 0x0000000087000000| Complete 
| 113|0x0000000087100000, 0x0000000087200000, 0x0000000087200000|100%| E|CS|TAMS 0x0000000087100000| PB 0x0000000087100000| Complete 
| 255|0x000000008ff00000, 0x0000000090000000, 0x0000000090000000|100%| E|CS|TAMS 0x000000008ff00000| PB 0x000000008ff00000| Complete 
|2031|0x00000000fef00000, 0x00000000ff000000, 0x00000000ff000000|100%| O|Cm|TAMS 0x00000000fef00000| PB 0x00000000fef00000| Complete 
|2032|0x00000000ff000000, 0x00000000ff100000, 0x00000000ff100000|100%| O|  |TAMS 0x00000000ff000000| PB 0x00000000ff000000| Untracked 
|2033|0x00000000ff100000, 0x00000000ff200000, 0x00000000ff200000|100%| O|  |TAMS 0x00000000ff100000| PB 0x00000000ff100000| Untracked 
|2034|0x00000000ff200000, 0x00000000ff300000, 0x00000000ff300000|100%| O|  |TAMS 0x00000000ff200000| PB 0x00000000ff200000| Untracked 
|2035|0x00000000ff300000, 0x00000000ff400000, 0x00000000ff400000|100%| O|  |TAMS 0x00000000ff300000| PB 0x00000000ff300000| Untracked 
|2036|0x00000000ff400000, 0x00000000ff500000, 0x00000000ff500000|100%| O|  |TAMS 0x00000000ff400000| PB 0x00000000ff400000| Untracked 
|2037|0x00000000ff500000, 0x00000000ff600000, 0x00000000ff600000|100%| O|  |TAMS 0x00000000ff500000| PB 0x00000000ff500000| Untracked 
|2038|0x00000000ff600000, 0x00000000ff700000, 0x00000000ff700000|100%| O|  |TAMS 0x00000000ff600000| PB 0x00000000ff600000| Untracked 
|2039|0x00000000ff700000, 0x00000000ff800000, 0x00000000ff800000|100%| O|  |TAMS 0x00000000ff700000| PB 0x00000000ff700000| Untracked 
|2040|0x00000000ff800000, 0x00000000ff900000, 0x00000000ff900000|100%| O|  |TAMS 0x00000000ff800000| PB 0x00000000ff800000| Untracked 
|2041|0x00000000ff900000, 0x00000000ffa00000, 0x00000000ffa00000|100%| O|  |TAMS 0x00000000ff900000| PB 0x00000000ff900000| Untracked 
|2042|0x00000000ffa00000, 0x00000000ffb00000, 0x00000000ffb00000|100%| O|  |TAMS 0x00000000ffa00000| PB 0x00000000ffa00000| Untracked 
|2043|0x00000000ffb00000, 0x00000000ffc00000, 0x00000000ffc00000|100%| O|  |TAMS 0x00000000ffb00000| PB 0x00000000ffb00000| Untracked 
|2044|0x00000000ffc00000, 0x00000000ffd00000, 0x00000000ffd00000|100%| O|  |TAMS 0x00000000ffc00000| PB 0x00000000ffc00000| Untracked 
|2045|0x00000000ffd00000, 0x00000000ffe00000, 0x00000000ffe00000|100%| O|  |TAMS 0x00000000ffd00000| PB 0x00000000ffd00000| Untracked 
|2046|0x00000000ffe00000, 0x00000000fff00000, 0x00000000fff00000|100%| O|  |TAMS 0x00000000ffe00000| PB 0x00000000ffe00000| Untracked 
|2047|0x00000000fff00000, 0x0000000100000000, 0x0000000100000000|100%| O|  |TAMS 0x00000000fff00000| PB 0x00000000fff00000| Untracked 

Card table byte_map: [0x0000021cf16b0000,0x0000021cf1ab0000] _byte_map_base: 0x0000021cf12b0000

Marking Bits: (CMBitMap*) 0x0000021cde33b7d0
 Bits: [0x0000021cf1ab0000, 0x0000021cf3ab0000)

Polling page: 0x0000021cdc0c0000

Metaspace:

Usage:
  Non-class:     34.98 MB used.
      Class:      6.05 MB used.
       Both:     41.03 MB used.

Virtual space:
  Non-class space:       64.00 MB reserved,      35.94 MB ( 56%) committed,  1 nodes.
      Class space:      416.00 MB reserved,       6.94 MB (  2%) committed,  1 nodes.
             Both:      480.00 MB reserved,      42.88 MB (  9%) committed. 

Chunk freelists:
   Non-Class:  11.55 MB
       Class:  9.09 MB
        Both:  20.64 MB

MaxMetaspaceSize: 512.00 MB
CompressedClassSpaceSize: 416.00 MB
Initial GC threshold: 21.00 MB
Current GC threshold: 59.19 MB
CDS: on
 - commit_granule_bytes: 65536.
 - commit_granule_words: 8192.
 - virtual_space_node_default_size: 8388608.
 - enlarge_chunks_in_place: 1.
 - use_allocation_guard: 0.


Internal statistics:

num_allocs_failed_limit: 9.
num_arena_births: 3200.
num_arena_deaths: 0.
num_vsnodes_births: 2.
num_vsnodes_deaths: 0.
num_space_committed: 686.
num_space_uncommitted: 0.
num_chunks_returned_to_freelist: 9.
num_chunks_taken_from_freelist: 5243.
num_chunk_merges: 9.
num_chunk_splits: 3430.
num_chunks_enlarged: 2090.
num_inconsistent_stats: 0.

CodeHeap 'non-profiled nmethods': size=119168Kb used=2857Kb max_used=2857Kb free=116310Kb
 bounds [0x0000021ce9080000, 0x0000021ce9350000, 0x0000021cf04e0000]
CodeHeap 'profiled nmethods': size=119104Kb used=8947Kb max_used=8947Kb free=110156Kb
 bounds [0x0000021ce14e0000, 0x0000021ce1da0000, 0x0000021ce8930000]
CodeHeap 'non-nmethods': size=7488Kb used=1854Kb max_used=3621Kb free=5633Kb
 bounds [0x0000021ce8930000, 0x0000021ce8cd0000, 0x0000021ce9080000]
CodeCache: size=245760Kb, used=13658Kb, max_used=15425Kb, free=232099Kb
 total_blobs=5285, nmethods=4561, adapters=627, full_count=0
Compilation: enabled, stopped_count=0, restarted_count=0

Compilation events (20 events):
Event: 11.166 Thread 0x0000021cf71aac10 5033       1       com.google.common.collect.LinkedHashMultimap$ValueEntry::setSuccessorInValueSet (6 bytes)
Event: 11.166 Thread 0x0000021cf71aac10 nmethod 5033 0x0000021ce9346910 code [0x0000021ce9346aa0, 0x0000021ce9346bb0]
Event: 11.167 Thread 0x0000021cf71aac10 5034       3       org.objectweb.asm.Type::getSort (19 bytes)
Event: 11.167 Thread 0x0000021cf71aac10 nmethod 5034 0x0000021ce1d87a90 code [0x0000021ce1d87c20, 0x0000021ce1d87d70]
Event: 11.167 Thread 0x0000021cf71aac10 5035       3       sun.reflect.generics.reflectiveObjects.LazyReflectiveObjectGenerator::<init> (10 bytes)
Event: 11.167 Thread 0x0000021cf71aac10 nmethod 5035 0x0000021ce1d87e10 code [0x0000021ce1d87fc0, 0x0000021ce1d88178]
Event: 11.167 Thread 0x0000021cf71aac10 5036       3       sun.reflect.generics.scope.AbstractScope::lookup (66 bytes)
Event: 11.168 Thread 0x0000021cf71aac10 nmethod 5036 0x0000021ce1d88210 code [0x0000021ce1d88440, 0x0000021ce1d88c30]
Event: 11.185 Thread 0x0000021cf71aac10 5037       1       sun.reflect.generics.tree.ClassSignature::getFormalTypeParameters (5 bytes)
Event: 11.185 Thread 0x0000021cf71aac10 nmethod 5037 0x0000021ce9346c10 code [0x0000021ce9346da0, 0x0000021ce9346e68]
Event: 11.185 Thread 0x0000021cf71aac10 5039   !   3       java.util.regex.Matcher::appendExpandedReplacement (508 bytes)
Event: 11.190 Thread 0x0000021cf71aac10 nmethod 5039 0x0000021ce1d88e90 code [0x0000021ce1d89700, 0x0000021ce1d8e510]
Event: 11.190 Thread 0x0000021cf71aac10 5038       3       java.util.TreeMap::values (25 bytes)
Event: 11.190 Thread 0x0000021cf71aac10 nmethod 5038 0x0000021ce1d90d10 code [0x0000021ce1d90ee0, 0x0000021ce1d91250]
Event: 11.192 Thread 0x0000021cf71aac10 5040       3       org.gradle.model.internal.asm.AsmClassGeneratorUtils::visitType (112 bytes)
Event: 11.193 Thread 0x0000021cf71aac10 nmethod 5040 0x0000021ce1d91390 code [0x0000021ce1d91800, 0x0000021ce1d93868]
Event: 11.394 Thread 0x0000021cf71aac10 5041       3       java.util.Collections$SingletonSet::contains (9 bytes)
Event: 11.394 Thread 0x0000021cf71aac10 nmethod 5041 0x0000021ce1d94090 code [0x0000021ce1d94240, 0x0000021ce1d94518]
Event: 11.394 Thread 0x0000021cf71aac10 5042       3       java.util.Collections::eq (22 bytes)
Event: 11.394 Thread 0x0000021cf71aac10 nmethod 5042 0x0000021ce1d94610 code [0x0000021ce1d947c0, 0x0000021ce1d94a10]

GC Heap History (14 events):
Event: 0.407 GC heap before
{Heap before GC invocations=0 (full 0):
 garbage-first heap   total 262144K, used 22528K [0x0000000080000000, 0x0000000100000000)
  region size 1024K, 23 young (23552K), 0 survivors (0K)
 Metaspace       used 891K, committed 1024K, reserved 491520K
  class space    used 70K, committed 128K, reserved 425984K
}
Event: 0.411 GC heap after
{Heap after GC invocations=1 (full 0):
 garbage-first heap   total 262144K, used 1792K [0x0000000080000000, 0x0000000100000000)
  region size 1024K, 2 young (2048K), 2 survivors (2048K)
 Metaspace       used 891K, committed 1024K, reserved 491520K
  class space    used 70K, committed 128K, reserved 425984K
}
Event: 1.254 GC heap before
{Heap before GC invocations=1 (full 0):
 garbage-first heap   total 262144K, used 41728K [0x0000000080000000, 0x0000000100000000)
  region size 1024K, 38 young (38912K), 2 survivors (2048K)
 Metaspace       used 4618K, committed 4864K, reserved 491520K
  class space    used 582K, committed 704K, reserved 425984K
}
Event: 1.263 GC heap after
{Heap after GC invocations=2 (full 0):
 garbage-first heap   total 262144K, used 11540K [0x0000000080000000, 0x0000000100000000)
  region size 1024K, 5 young (5120K), 5 survivors (5120K)
 Metaspace       used 4618K, committed 4864K, reserved 491520K
  class space    used 582K, committed 704K, reserved 425984K
}
Event: 4.841 GC heap before
{Heap before GC invocations=2 (full 0):
 garbage-first heap   total 262144K, used 153876K [0x0000000080000000, 0x0000000100000000)
  region size 1024K, 142 young (145408K), 5 survivors (5120K)
 Metaspace       used 20871K, committed 21504K, reserved 491520K
  class space    used 2875K, committed 3200K, reserved 425984K
}
Event: 4.856 GC heap after
{Heap after GC invocations=3 (full 0):
 garbage-first heap   total 262144K, used 24410K [0x0000000080000000, 0x0000000100000000)
  region size 1024K, 17 young (17408K), 17 survivors (17408K)
 Metaspace       used 20871K, committed 21504K, reserved 491520K
  class space    used 2875K, committed 3200K, reserved 425984K
}
Event: 6.637 GC heap before
{Heap before GC invocations=4 (full 0):
 garbage-first heap   total 86016K, used 84826K [0x0000000080000000, 0x0000000100000000)
  region size 1024K, 76 young (77824K), 17 survivors (17408K)
 Metaspace       used 28408K, committed 29504K, reserved 491520K
  class space    used 4080K, committed 4608K, reserved 425984K
}
Event: 6.651 GC heap after
{Heap after GC invocations=5 (full 0):
 garbage-first heap   total 107520K, used 28004K [0x0000000080000000, 0x0000000100000000)
  region size 1024K, 4 young (4096K), 4 survivors (4096K)
 Metaspace       used 28408K, committed 29504K, reserved 491520K
  class space    used 4080K, committed 4608K, reserved 425984K
}
Event: 8.279 GC heap before
{Heap before GC invocations=5 (full 0):
 garbage-first heap   total 107520K, used 75108K [0x0000000080000000, 0x0000000100000000)
  region size 1024K, 52 young (53248K), 4 survivors (4096K)
 Metaspace       used 34651K, committed 35968K, reserved 491520K
  class space    used 4984K, committed 5632K, reserved 425984K
}
Event: 8.284 GC heap after
{Heap after GC invocations=6 (full 0):
 garbage-first heap   total 107520K, used 31885K [0x0000000080000000, 0x0000000100000000)
  region size 1024K, 7 young (7168K), 7 survivors (7168K)
 Metaspace       used 34651K, committed 35968K, reserved 491520K
  class space    used 4984K, committed 5632K, reserved 425984K
}
Event: 8.327 GC heap before
{Heap before GC invocations=6 (full 0):
 garbage-first heap   total 107520K, used 31885K [0x0000000080000000, 0x0000000100000000)
  region size 1024K, 8 young (8192K), 7 survivors (7168K)
 Metaspace       used 34938K, committed 36288K, reserved 491520K
  class space    used 4998K, committed 5632K, reserved 425984K
}
Event: 8.334 GC heap after
{Heap after GC invocations=7 (full 0):
 garbage-first heap   total 107520K, used 32212K [0x0000000080000000, 0x0000000100000000)
  region size 1024K, 4 young (4096K), 4 survivors (4096K)
 Metaspace       used 34938K, committed 36288K, reserved 491520K
  class space    used 4998K, committed 5632K, reserved 425984K
}
Event: 10.678 GC heap before
{Heap before GC invocations=8 (full 0):
 garbage-first heap   total 107520K, used 85460K [0x0000000080000000, 0x0000000100000000)
  region size 1024K, 56 young (57344K), 4 survivors (4096K)
 Metaspace       used 40973K, committed 42624K, reserved 491520K
  class space    used 6010K, committed 6784K, reserved 425984K
}
Event: 10.682 GC heap after
{Heap after GC invocations=9 (full 0):
 garbage-first heap   total 107520K, used 36756K [0x0000000080000000, 0x0000000100000000)
  region size 1024K, 7 young (7168K), 7 survivors (7168K)
 Metaspace       used 40973K, committed 42624K, reserved 491520K
  class space    used 6010K, committed 6784K, reserved 425984K
}

Dll operation events (14 events):
Event: 0.011 Loaded shared library C:\Users\Gabriel\.vscode\extensions\redhat.java-1.55.0-win32-x64\jre\21.0.11-win32-x86_64\bin\java.dll
Event: 0.077 Loaded shared library C:\Users\Gabriel\.vscode\extensions\redhat.java-1.55.0-win32-x64\jre\21.0.11-win32-x86_64\bin\zip.dll
Event: 0.099 Loaded shared library C:\Users\Gabriel\.vscode\extensions\redhat.java-1.55.0-win32-x64\jre\21.0.11-win32-x86_64\bin\instrument.dll
Event: 0.105 Loaded shared library C:\Users\Gabriel\.vscode\extensions\redhat.java-1.55.0-win32-x64\jre\21.0.11-win32-x86_64\bin\net.dll
Event: 0.108 Loaded shared library C:\Users\Gabriel\.vscode\extensions\redhat.java-1.55.0-win32-x64\jre\21.0.11-win32-x86_64\bin\nio.dll
Event: 0.111 Loaded shared library C:\Users\Gabriel\.vscode\extensions\redhat.java-1.55.0-win32-x64\jre\21.0.11-win32-x86_64\bin\zip.dll
Event: 0.416 Loaded shared library C:\Users\Gabriel\.vscode\extensions\redhat.java-1.55.0-win32-x64\jre\21.0.11-win32-x86_64\bin\jimage.dll
Event: 0.688 Loaded shared library C:\Users\Gabriel\.vscode\extensions\redhat.java-1.55.0-win32-x64\jre\21.0.11-win32-x86_64\bin\verify.dll
Event: 0.730 Loaded shared library C:\Users\Gabriel\.gradle\native\660c5614fbf4a5f2a75b1949f50a0caf5cd603558e7d8a26e50b933a0cfb79d1\windows-amd64\native-platform.dll
Event: 0.742 Loaded shared library C:\Users\Gabriel\.gradle\native\0.2.8\x86_64-windows-gnu\gradle-fileevents.dll
Event: 2.333 Loaded shared library C:\Users\Gabriel\.vscode\extensions\redhat.java-1.55.0-win32-x64\jre\21.0.11-win32-x86_64\bin\management.dll
Event: 2.337 Loaded shared library C:\Users\Gabriel\.vscode\extensions\redhat.java-1.55.0-win32-x64\jre\21.0.11-win32-x86_64\bin\management_ext.dll
Event: 2.492 Loaded shared library C:\Users\Gabriel\.vscode\extensions\redhat.java-1.55.0-win32-x64\jre\21.0.11-win32-x86_64\bin\extnet.dll
Event: 2.749 Loaded shared library C:\Users\Gabriel\.vscode\extensions\redhat.java-1.55.0-win32-x64\jre\21.0.11-win32-x86_64\bin\sunmscapi.dll

Deoptimization events (20 events):
Event: 10.426 Thread 0x0000021cfd2b6050 DEOPT PACKING pc=0x0000021ce927f1dc sp=0x00000061c0ff9710
Event: 10.426 Thread 0x0000021cfd2b6050 DEOPT UNPACKING pc=0x0000021ce8984422 sp=0x00000061c0ff96b8 mode 2
Event: 10.663 Thread 0x0000021cfd2b6050 DEOPT PACKING pc=0x0000021ce1bf9406 sp=0x00000061c0ff6560
Event: 10.664 Thread 0x0000021cfd2b6050 DEOPT UNPACKING pc=0x0000021ce8984bc2 sp=0x00000061c0ff5a48 mode 0
Event: 10.665 Thread 0x0000021cfd2b6050 DEOPT PACKING pc=0x0000021ce1cef4e1 sp=0x00000061c0ff63a0
Event: 10.665 Thread 0x0000021cfd2b6050 DEOPT UNPACKING pc=0x0000021ce8984bc2 sp=0x00000061c0ff5890 mode 0
Event: 10.666 Thread 0x0000021cfd2b6050 DEOPT PACKING pc=0x0000021ce1bf9406 sp=0x00000061c0ff63b0
Event: 10.666 Thread 0x0000021cfd2b6050 DEOPT UNPACKING pc=0x0000021ce8984bc2 sp=0x00000061c0ff5898 mode 0
Event: 10.674 Thread 0x0000021cfd2b6050 DEOPT PACKING pc=0x0000021ce1cef4e1 sp=0x00000061c0ff63a0
Event: 10.674 Thread 0x0000021cfd2b6050 DEOPT UNPACKING pc=0x0000021ce8984bc2 sp=0x00000061c0ff5890 mode 0
Event: 10.722 Thread 0x0000021cfd2b6050 DEOPT PACKING pc=0x0000021ce1bf9406 sp=0x00000061c0ff6650
Event: 10.722 Thread 0x0000021cfd2b6050 DEOPT UNPACKING pc=0x0000021ce8984bc2 sp=0x00000061c0ff5b38 mode 0
Event: 10.943 Thread 0x0000021cfd2b6050 Uncommon trap: trap_request=0xffffff45 fr.pc=0x0000021ce91927dc relative=0x000000000000029c
Event: 10.943 Thread 0x0000021cfd2b6050 Uncommon trap: reason=unstable_if action=reinterpret pc=0x0000021ce91927dc method=java.lang.String.regionMatches(ZILjava/lang/String;II)Z @ 36 c2
Event: 10.943 Thread 0x0000021cfd2b6050 DEOPT PACKING pc=0x0000021ce91927dc sp=0x00000061c0ff6f90
Event: 10.943 Thread 0x0000021cfd2b6050 DEOPT UNPACKING pc=0x0000021ce8984422 sp=0x00000061c0ff6ef8 mode 2
Event: 11.087 Thread 0x0000021cfd2b6050 Uncommon trap: trap_request=0xffffff3d fr.pc=0x0000021ce92a9248 relative=0x0000000000000c48
Event: 11.087 Thread 0x0000021cfd2b6050 Uncommon trap: reason=unstable_fused_if action=reinterpret pc=0x0000021ce92a9248 method=org.objectweb.asm.ByteVector.putUTF8(Ljava/lang/String;)Lorg/objectweb/asm/ByteVector; @ 93 c2
Event: 11.087 Thread 0x0000021cfd2b6050 DEOPT PACKING pc=0x0000021ce92a9248 sp=0x00000061c0ff5000
Event: 11.087 Thread 0x0000021cfd2b6050 DEOPT UNPACKING pc=0x0000021ce8984422 sp=0x00000061c0ff4f58 mode 2

Classes loaded (20 events):
Event: 9.634 Loading class java/io/FileCustomizer
Event: 9.634 Loading class java/io/FileCustomizer done
Event: 10.248 Loading class java/lang/invoke/BoundMethodHandle$Species_LLLLILLLLLLL
Event: 10.248 Loading class java/lang/invoke/BoundMethodHandle$Species_LLLLILLLLLLL done
Event: 10.279 Loading class java/util/DualPivotQuicksort
Event: 10.280 Loading class java/util/DualPivotQuicksort done
Event: 10.411 Loading class java/util/PrimitiveIterator$OfInt
Event: 10.411 Loading class java/util/PrimitiveIterator
Event: 10.411 Loading class java/util/PrimitiveIterator done
Event: 10.411 Loading class java/util/PrimitiveIterator$OfInt done
Event: 10.418 Loading class java/util/concurrent/RecursiveAction
Event: 10.418 Loading class java/util/concurrent/RecursiveAction done
Event: 10.438 Loading class java/util/stream/ReduceOps$2
Event: 10.438 Loading class java/util/stream/ReduceOps$2 done
Event: 10.438 Loading class java/util/stream/ReduceOps$2ReducingSink
Event: 10.438 Loading class java/util/stream/ReduceOps$2ReducingSink done
Event: 10.507 Loading class java/util/Collections$SynchronizedRandomAccessList
Event: 10.507 Loading class java/util/Collections$SynchronizedList
Event: 10.507 Loading class java/util/Collections$SynchronizedList done
Event: 10.507 Loading class java/util/Collections$SynchronizedRandomAccessList done

Classes unloaded (0 events):
No events

Classes redefined (0 events):
No events

Internal exceptions (20 events):
Event: 10.335 Thread 0x0000021cfd2b6050 Exception <a 'java/lang/IncompatibleClassChangeError'{0x0000000082d657a0}: Found class java.lang.Object, but interface was expected> (0x0000000082d657a0) 
thrown [s\src\hotspot\share\interpreter\linkResolver.cpp, line 840]
Event: 10.398 Thread 0x0000021cfd2b6050 Exception <a 'java/lang/NoSuchMethodError'{0x0000000082a7c938}: 'java.lang.Object java.lang.invoke.DirectMethodHandle$Holder.newInvokeSpecial(java.lang.Object, java.lang.Object, java.lang.Object, java.lang.Object, java.lang.Object, java.lang.Object, java.lang.Object, java.lang.Object, java.lang.Object, java.lang.Object, java.lang.Object, java.lang.Object, java.lang.Object, java.lang.Object, java.lang.Object, java.lang.Object, java.lang.Object, java.lang.Object, java.lang.Object)'> (0x0000000082a7c938) 
thr
Event: 10.398 Thread 0x0000021cfd2b6050 Exception <a 'java/lang/NoSuchMethodError'{0x0000000082a837f8}: 'java.lang.Object java.lang.invoke.DirectMethodHandle$Holder.invokeSpecial(java.lang.Object, java.lang.Object, java.lang.Object, java.lang.Object, java.lang.Object, java.lang.Object, java.lang.Object, java.lang.Object, java.lang.Object, java.lang.Object, java.lang.Object, java.lang.Object, java.lang.Object, java.lang.Object, java.lang.Object, java.lang.Object, java.lang.Object, java.lang.Object, java.lang.Object, java.lang.Object)'> (0x0000000
Event: 10.398 Thread 0x0000021cfd2b6050 Exception <a 'java/lang/NoSuchMethodError'{0x0000000082a89048}: 'java.lang.Object java.lang.invoke.DelegatingMethodHandle$Holder.reinvoke_L(java.lang.Object, java.lang.Object, java.lang.Object, java.lang.Object, java.lang.Object, java.lang.Object, java.lang.Object, java.lang.Object, java.lang.Object, java.lang.Object, java.lang.Object, java.lang.Object, java.lang.Object, java.lang.Object, java.lang.Object, java.lang.Object, java.lang.Object, java.lang.Object, java.lang.Object)'> (0x0000000082a89048) 
throw
Event: 10.468 Thread 0x0000021cfd2b6050 Exception <a 'sun/nio/fs/WindowsException'{0x0000000082741a48}> (0x0000000082741a48) 
thrown [s\src\hotspot\share\prims\jni.cpp, line 520]
Event: 10.469 Thread 0x0000021cfd2b6050 Exception <a 'sun/nio/fs/WindowsException'{0x0000000082743738}> (0x0000000082743738) 
thrown [s\src\hotspot\share\prims\jni.cpp, line 520]
Event: 10.469 Thread 0x0000021cfd2b6050 Exception <a 'sun/nio/fs/WindowsException'{0x0000000082745418}> (0x0000000082745418) 
thrown [s\src\hotspot\share\prims\jni.cpp, line 520]
Event: 10.469 Thread 0x0000021cfd2b6050 Exception <a 'sun/nio/fs/WindowsException'{0x0000000082746d00}> (0x0000000082746d00) 
thrown [s\src\hotspot\share\prims\jni.cpp, line 520]
Event: 10.500 Thread 0x0000021cfd2b6050 Exception <a 'java/lang/NoSuchMethodError'{0x000000008268d1e0}: 'java.lang.Object java.lang.invoke.Invokers$Holder.invoker(java.lang.Object, java.lang.Object, java.lang.Object, java.lang.Object, java.lang.Object, java.lang.Object)'> (0x000000008268d1e0) 
thrown [s\src\hotspot\share\interpreter\linkResolver.cpp, line 773]
Event: 10.524 Thread 0x0000021cfd2b6050 Exception <a 'java/lang/NoSuchMethodError'{0x0000000082530bb8}: 'java.lang.Object java.lang.invoke.DirectMethodHandle$Holder.invokeSpecial(java.lang.Object, java.lang.Object, java.lang.Object, java.lang.Object, java.lang.Object, java.lang.Object, java.lang.Object, java.lang.Object, java.lang.Object, java.lang.Object, java.lang.Object, java.lang.Object, java.lang.Object, java.lang.Object, java.lang.Object, java.lang.Object, java.lang.Object, java.lang.Object, java.lang.Object, java.lang.Object, java.lang.Ob
Event: 10.524 Thread 0x0000021cfd2b6050 Exception <a 'java/lang/NoSuchMethodError'{0x0000000082537430}: 'java.lang.Object java.lang.invoke.DelegatingMethodHandle$Holder.reinvoke_L(java.lang.Object, java.lang.Object, java.lang.Object, java.lang.Object, java.lang.Object, java.lang.Object, java.lang.Object, java.lang.Object, java.lang.Object, java.lang.Object, java.lang.Object, java.lang.Object, java.lang.Object, java.lang.Object, java.lang.Object, java.lang.Object, java.lang.Object, java.lang.Object, java.lang.Object, java.lang.Object, java.lang.O
Event: 10.525 Thread 0x0000021cfd2b6050 Exception <a 'java/lang/NoSuchMethodError'{0x0000000082542a98}: 'java.lang.Object java.lang.invoke.Invokers$Holder.invoker(java.lang.Object, java.lang.Object, java.lang.Object, java.lang.Object, java.lang.Object, java.lang.Object, java.lang.Object, java.lang.Object, java.lang.Object, java.lang.Object, java.lang.Object, java.lang.Object, java.lang.Object, java.lang.Object, java.lang.Object, java.lang.Object, java.lang.Object, java.lang.Object, java.lang.Object, java.lang.Object, java.lang.Object, java.lang.
Event: 10.525 Thread 0x0000021cfd2b6050 Exception <a 'java/lang/NoSuchMethodError'{0x0000000082549bc0}: 'java.lang.Object java.lang.invoke.DelegatingMethodHandle$Holder.delegate(java.lang.Object, java.lang.Object, java.lang.Object, java.lang.Object, java.lang.Object, java.lang.Object, java.lang.Object, java.lang.Object, java.lang.Object, java.lang.Object, java.lang.Object, java.lang.Object, java.lang.Object, java.lang.Object, java.lang.Object, java.lang.Object, java.lang.Object, java.lang.Object, java.lang.Object, java.lang.Object, java.lang.Obj
Event: 10.624 Thread 0x0000021cfd2b6050 Exception <a 'java/lang/NoSuchMethodError'{0x00000000823b1528}: 'java.lang.Object java.lang.invoke.DirectMethodHandle$Holder.newInvokeSpecial(java.lang.Object, java.lang.Object, java.lang.Object, java.lang.Object, java.lang.Object, java.lang.Object, int)'> (0x00000000823b1528) 
thrown [s\src\hotspot\share\interpreter\linkResolver.cpp, line 773]
Event: 10.624 Thread 0x0000021cfd2b6050 Exception <a 'java/lang/NoSuchMethodError'{0x00000000823b6638}: 'java.lang.Object java.lang.invoke.DirectMethodHandle$Holder.invokeSpecial(java.lang.Object, java.lang.Object, java.lang.Object, java.lang.Object, java.lang.Object, java.lang.Object, java.lang.Object, int)'> (0x00000000823b6638) 
thrown [s\src\hotspot\share\interpreter\linkResolver.cpp, line 773]
Event: 10.625 Thread 0x0000021cfd2b6050 Exception <a 'java/lang/NoSuchMethodError'{0x00000000823bad58}: 'java.lang.Object java.lang.invoke.Invokers$Holder.linkToTargetMethod(java.lang.Object, java.lang.Object, java.lang.Object, java.lang.Object, java.lang.Object, int, java.lang.Object)'> (0x00000000823bad58) 
thrown [s\src\hotspot\share\interpreter\linkResolver.cpp, line 773]
Event: 10.849 Thread 0x0000021cfd2b6050 Exception <a 'java/lang/NoSuchMethodError'{0x0000000083c84648}: 'java.lang.Object java.lang.invoke.DirectMethodHandle$Holder.newInvokeSpecial(java.lang.Object, java.lang.Object, int, java.lang.Object, java.lang.Object, java.lang.Object, java.lang.Object)'> (0x0000000083c84648) 
thrown [s\src\hotspot\share\interpreter\linkResolver.cpp, line 773]
Event: 10.850 Thread 0x0000021cfd2b6050 Exception <a 'java/lang/NoSuchMethodError'{0x0000000083c8d3d8}: 'java.lang.Object java.lang.invoke.Invokers$Holder.linkToTargetMethod(java.lang.Object, int, java.lang.Object, java.lang.Object, java.lang.Object, java.lang.Object, java.lang.Object)'> (0x0000000083c8d3d8) 
thrown [s\src\hotspot\share\interpreter\linkResolver.cpp, line 773]
Event: 10.973 Thread 0x0000021cfd2b6050 Exception <a 'java/lang/NoSuchMethodError'{0x0000000083abbeb8}: 'java.lang.Object java.lang.invoke.DirectMethodHandle$Holder.invokeVirtual(java.lang.Object, java.lang.Object, java.lang.Object, java.lang.Object, java.lang.Object, java.lang.Object, java.lang.Object, java.lang.Object, java.lang.Object, java.lang.Object, java.lang.Object, java.lang.Object, java.lang.Object, java.lang.Object, java.lang.Object)'> (0x0000000083abbeb8) 
thrown [s\src\hotspot\share\interpreter\linkResolver.cpp, line 773]
Event: 11.001 Thread 0x0000021cfd2b6050 Exception <a 'java/lang/NoSuchMethodError'{0x0000000083995ac0}: 'java.lang.Object java.lang.invoke.DirectMethodHandle$Holder.newInvokeSpecial(java.lang.Object, java.lang.Object, java.lang.Object, java.lang.Object, java.lang.Object, java.lang.Object, java.lang.Object, java.lang.Object, java.lang.Object, java.lang.Object, java.lang.Object, java.lang.Object, java.lang.Object)'> (0x0000000083995ac0) 
thrown [s\src\hotspot\share\interpreter\linkResolver.cpp, line 773]

ZGC Phase Switch (0 events):
No events

VM Operations (20 events):
Event: 8.551 Executing non-safepoint VM operation: HandshakeAllThreads (Deoptimize)
Event: 8.551 Executing non-safepoint VM operation: HandshakeAllThreads (Deoptimize) done
Event: 8.678 Executing non-safepoint VM operation: HandshakeAllThreads (Deoptimize)
Event: 8.679 Executing non-safepoint VM operation: HandshakeAllThreads (Deoptimize) done
Event: 8.679 Executing non-safepoint VM operation: HandshakeAllThreads (Deoptimize)
Event: 8.679 Executing non-safepoint VM operation: HandshakeAllThreads (Deoptimize) done
Event: 8.860 Executing non-safepoint VM operation: HandshakeAllThreads (Deoptimize)
Event: 8.860 Executing non-safepoint VM operation: HandshakeAllThreads (Deoptimize) done
Event: 8.866 Executing non-safepoint VM operation: HandshakeAllThreads (Deoptimize)
Event: 8.866 Executing non-safepoint VM operation: HandshakeAllThreads (Deoptimize) done
Event: 8.866 Executing non-safepoint VM operation: HandshakeAllThreads (Deoptimize)
Event: 8.866 Executing non-safepoint VM operation: HandshakeAllThreads (Deoptimize) done
Event: 9.013 Executing safepoint VM operation: ICBufferFull
Event: 9.013 Executing safepoint VM operation: ICBufferFull done
Event: 10.024 Executing safepoint VM operation: Cleanup
Event: 10.045 Executing safepoint VM operation: Cleanup done
Event: 10.678 Executing safepoint VM operation: G1CollectForAllocation (G1 Evacuation Pause)
Event: 10.682 Executing safepoint VM operation: G1CollectForAllocation (G1 Evacuation Pause) done
Event: 11.163 Executing non-safepoint VM operation: HandshakeAllThreads (Deoptimize)
Event: 11.163 Executing non-safepoint VM operation: HandshakeAllThreads (Deoptimize) done

Memory protections (0 events):
No events

Nmethod flushes (20 events):
Event: 8.349 Thread 0x0000021cf62f2980 flushing  nmethod 0x0000021ce1525710
Event: 8.349 Thread 0x0000021cf62f2980 flushing  nmethod 0x0000021ce1525c10
Event: 8.349 Thread 0x0000021cf62f2980 flushing  nmethod 0x0000021ce1526790
Event: 8.349 Thread 0x0000021cf62f2980 flushing  nmethod 0x0000021ce1526c90
Event: 8.349 Thread 0x0000021cf62f2980 flushing  nmethod 0x0000021ce161d690
Event: 8.349 Thread 0x0000021cf62f2980 flushing  nmethod 0x0000021ce161da90
Event: 8.349 Thread 0x0000021cf62f2980 flushing  nmethod 0x0000021ce18ae490
Event: 8.349 Thread 0x0000021cf62f2980 flushing  nmethod 0x0000021ce166ac10
Event: 8.349 Thread 0x0000021cf62f2980 flushing  nmethod 0x0000021ce166bc10
Event: 8.349 Thread 0x0000021cf62f2980 flushing  nmethod 0x0000021ce166c890
Event: 8.349 Thread 0x0000021cf62f2980 flushing  nmethod 0x0000021ce166d410
Event: 8.349 Thread 0x0000021cf62f2980 flushing  nmethod 0x0000021ce166dd10
Event: 8.349 Thread 0x0000021cf62f2980 flushing  nmethod 0x0000021ce1676c10
Event: 8.349 Thread 0x0000021cf62f2980 flushing  nmethod 0x0000021ce1704010
Event: 8.349 Thread 0x0000021cf62f2980 flushing  nmethod 0x0000021ce1705110
Event: 8.349 Thread 0x0000021cf62f2980 flushing  nmethod 0x0000021ce1765810
Event: 8.349 Thread 0x0000021cf62f2980 flushing  nmethod 0x0000021ce1767490
Event: 8.349 Thread 0x0000021cf62f2980 flushing  nmethod 0x0000021ce1767e10
Event: 8.349 Thread 0x0000021cf62f2980 flushing  nmethod 0x0000021ce1768d10
Event: 8.349 Thread 0x0000021cf62f2980 flushing  nmethod 0x0000021ce17e2990

Events (20 events):
Event: 6.661 Thread 0x0000021cfd2b6050 Thread added: 0x0000021c9b1e6690
Event: 6.717 Thread 0x0000021cf71ace20 Thread added: 0x0000021cf71a9e70
Event: 6.761 Thread 0x0000021cfd2b6050 Thread added: 0x0000021c9b1ea1a0
Event: 6.968 Thread 0x0000021cf71a9e70 Thread exited: 0x0000021cf71a9e70
Event: 6.990 Thread 0x0000021cf71aac10 Thread added: 0x0000021cf71a9e70
Event: 7.266 Thread 0x0000021cf71a9e70 Thread exited: 0x0000021cf71a9e70
Event: 7.332 Thread 0x0000021cfd2b6050 Thread added: 0x0000021c9b1e6d20
Event: 7.439 Thread 0x0000021cfd2b6050 Thread added: 0x0000021c9b1ea830
Event: 8.183 Thread 0x0000021cf71aac10 Thread added: 0x0000021cf71ac750
Event: 8.184 Thread 0x0000021cf71ace20 Thread added: 0x0000021cf71a9e70
Event: 8.654 Thread 0x0000021cfd2b6050 Thread added: 0x0000021c9b1e73b0
Event: 9.354 Thread 0x0000021cfd2b6050 Thread added: 0x0000021c9b1ec900
Event: 9.414 Thread 0x0000021c9b1ec900 Thread added: 0x0000021c9b1ecf90
Event: 9.414 Thread 0x0000021c9b1ec900 Thread added: 0x0000021c9b1eaec0
Event: 10.249 Thread 0x0000021cf71a9e70 Thread exited: 0x0000021cf71a9e70
Event: 10.249 Thread 0x0000021cf71ac750 Thread exited: 0x0000021cf71ac750
Event: 10.249 Thread 0x0000021cf71a97a0 Thread exited: 0x0000021cf71a97a0
Event: 10.251 Thread 0x0000021cf71ace20 Thread exited: 0x0000021cf71ace20
Event: 10.251 Thread 0x0000021cf71ac080 Thread exited: 0x0000021cf71ac080
Event: 10.451 Thread 0x0000021cfd2b6050 Thread added: 0x0000021c9b1ebbe0


Dynamic libraries:
0x00007ff7dd6e0000 - 0x00007ff7dd6ee000 	C:\Users\Gabriel\.vscode\extensions\redhat.java-1.55.0-win32-x64\jre\21.0.11-win32-x86_64\bin\java.exe
0x00007ff827a80000 - 0x00007ff827ce6000 	C:\WINDOWS\SYSTEM32\ntdll.dll
0x00007ff8263f0000 - 0x00007ff8264b9000 	C:\WINDOWS\System32\KERNEL32.DLL
0x00007ff824dc0000 - 0x00007ff8251ba000 	C:\WINDOWS\System32\KERNELBASE.dll
0x00007ff8252f0000 - 0x00007ff82543c000 	C:\WINDOWS\System32\ucrtbase.dll
0x00007fffbb3a0000 - 0x00007fffbb3be000 	C:\Users\Gabriel\.vscode\extensions\redhat.java-1.55.0-win32-x64\jre\21.0.11-win32-x86_64\bin\VCRUNTIME140.dll
0x00007ffff4410000 - 0x00007ffff4428000 	C:\Users\Gabriel\.vscode\extensions\redhat.java-1.55.0-win32-x64\jre\21.0.11-win32-x86_64\bin\jli.dll
0x00007ff825da0000 - 0x00007ff825f67000 	C:\WINDOWS\System32\USER32.dll
0x00007ff8257c0000 - 0x00007ff8257e7000 	C:\WINDOWS\System32\win32u.dll
0x00007ff827250000 - 0x00007ff82727b000 	C:\WINDOWS\System32\GDI32.dll
0x00007ff8251c0000 - 0x00007ff8252eb000 	C:\WINDOWS\System32\gdi32full.dll
0x00007ff8167f0000 - 0x00007ff816a82000 	C:\WINDOWS\WinSxS\amd64_microsoft.windows.common-controls_6595b64144ccf1df_6.0.26100.8521_none_3e08b75ce33403b3\COMCTL32.dll
0x00007ff824d10000 - 0x00007ff824db3000 	C:\WINDOWS\System32\msvcp_win.dll
0x00007ff826710000 - 0x00007ff8267b9000 	C:\WINDOWS\System32\msvcrt.dll
0x00007ff827280000 - 0x00007ff8272b2000 	C:\WINDOWS\System32\IMM32.DLL
0x00007fffffc30000 - 0x00007fffffc3c000 	C:\Users\Gabriel\.vscode\extensions\redhat.java-1.55.0-win32-x64\jre\21.0.11-win32-x86_64\bin\vcruntime140_1.dll
0x00007fffa6810000 - 0x00007fffa689d000 	C:\Users\Gabriel\.vscode\extensions\redhat.java-1.55.0-win32-x64\jre\21.0.11-win32-x86_64\bin\msvcp140.dll
0x00007fff5c500000 - 0x00007fff5d2a2000 	C:\Users\Gabriel\.vscode\extensions\redhat.java-1.55.0-win32-x64\jre\21.0.11-win32-x86_64\bin\server\jvm.dll
0x00007ff826650000 - 0x00007ff826706000 	C:\WINDOWS\System32\ADVAPI32.dll
0x00007ff827820000 - 0x00007ff8278ca000 	C:\WINDOWS\System32\sechost.dll
0x00007ff826530000 - 0x00007ff826648000 	C:\WINDOWS\System32\RPCRT4.dll
0x00007ff8257f0000 - 0x00007ff825870000 	C:\WINDOWS\System32\WS2_32.dll
0x00007ff824b70000 - 0x00007ff824bce000 	C:\WINDOWS\SYSTEM32\POWRPROF.dll
0x00007ff81a030000 - 0x00007ff81a066000 	C:\WINDOWS\SYSTEM32\WINMM.dll
0x00007ff81d1e0000 - 0x00007ff81d1eb000 	C:\WINDOWS\SYSTEM32\VERSION.dll
0x00007ff824b50000 - 0x00007ff824b64000 	C:\WINDOWS\SYSTEM32\UMPDC.dll
0x00007ff823a60000 - 0x00007ff823a7b000 	C:\WINDOWS\SYSTEM32\kernel.appcore.dll
0x00007ffff9700000 - 0x00007ffff970a000 	C:\Users\Gabriel\.vscode\extensions\redhat.java-1.55.0-win32-x64\jre\21.0.11-win32-x86_64\bin\jimage.dll
0x00007ff818e80000 - 0x00007ff8190c2000 	C:\WINDOWS\SYSTEM32\DBGHELP.DLL
0x00007ff825fc0000 - 0x00007ff826343000 	C:\WINDOWS\System32\combase.dll
0x00007ff825cc0000 - 0x00007ff825d99000 	C:\WINDOWS\System32\OLEAUT32.dll
0x00007ff804180000 - 0x00007ff8041bb000 	C:\WINDOWS\SYSTEM32\dbgcore.DLL
0x00007ff825710000 - 0x00007ff8257b8000 	C:\WINDOWS\System32\bcryptPrimitives.dll
0x00007ffff6a50000 - 0x00007ffff6a5f000 	C:\Users\Gabriel\.vscode\extensions\redhat.java-1.55.0-win32-x64\jre\21.0.11-win32-x86_64\bin\instrument.dll
0x00007fffb6230000 - 0x00007fffb6250000 	C:\Users\Gabriel\.vscode\extensions\redhat.java-1.55.0-win32-x64\jre\21.0.11-win32-x86_64\bin\java.dll
0x00007ff826860000 - 0x00007ff826fe4000 	C:\WINDOWS\System32\SHELL32.dll
0x00007ff8228b0000 - 0x00007ff823130000 	C:\WINDOWS\SYSTEM32\windows.storage.dll
0x00007ff8278d0000 - 0x00007ff8279c6000 	C:\WINDOWS\System32\SHCORE.dll
0x00007ff8264c0000 - 0x00007ff826527000 	C:\WINDOWS\System32\shlwapi.dll
0x00007ff824c30000 - 0x00007ff824c59000 	C:\WINDOWS\SYSTEM32\profapi.dll
0x00007fffb9170000 - 0x00007fffb9188000 	C:\Users\Gabriel\.vscode\extensions\redhat.java-1.55.0-win32-x64\jre\21.0.11-win32-x86_64\bin\zip.dll
0x00007ffff5110000 - 0x00007ffff5120000 	C:\Users\Gabriel\.vscode\extensions\redhat.java-1.55.0-win32-x64\jre\21.0.11-win32-x86_64\bin\net.dll
0x00007ff81e6a0000 - 0x00007ff81e7c9000 	C:\WINDOWS\SYSTEM32\WINHTTP.dll
0x00007ff823fb0000 - 0x00007ff82401c000 	C:\WINDOWS\system32\mswsock.dll
0x00007fffb5b80000 - 0x00007fffb5b96000 	C:\Users\Gabriel\.vscode\extensions\redhat.java-1.55.0-win32-x64\jre\21.0.11-win32-x86_64\bin\nio.dll
0x00007ffff4400000 - 0x00007ffff4410000 	C:\Users\Gabriel\.vscode\extensions\redhat.java-1.55.0-win32-x64\jre\21.0.11-win32-x86_64\bin\verify.dll
0x00007fffab740000 - 0x00007fffab767000 	C:\Users\Gabriel\.gradle\native\660c5614fbf4a5f2a75b1949f50a0caf5cd603558e7d8a26e50b933a0cfb79d1\windows-amd64\native-platform.dll
0x00007fff71de0000 - 0x00007fff71e57000 	C:\Users\Gabriel\.gradle\native\0.2.8\x86_64-windows-gnu\gradle-fileevents.dll
0x00007ffff4390000 - 0x00007ffff439a000 	C:\Users\Gabriel\.vscode\extensions\redhat.java-1.55.0-win32-x64\jre\21.0.11-win32-x86_64\bin\management.dll
0x00007ffff3e90000 - 0x00007ffff3e9c000 	C:\Users\Gabriel\.vscode\extensions\redhat.java-1.55.0-win32-x64\jre\21.0.11-win32-x86_64\bin\management_ext.dll
0x00007ff8272c0000 - 0x00007ff8272c8000 	C:\WINDOWS\System32\PSAPI.DLL
0x00007ff823440000 - 0x00007ff823473000 	C:\WINDOWS\SYSTEM32\IPHLPAPI.DLL
0x00007ff825a10000 - 0x00007ff825a1a000 	C:\WINDOWS\System32\NSI.dll
0x00007fffeec80000 - 0x00007fffeec89000 	C:\Users\Gabriel\.vscode\extensions\redhat.java-1.55.0-win32-x64\jre\21.0.11-win32-x86_64\bin\extnet.dll
0x00007ff8243b0000 - 0x00007ff8243cb000 	C:\WINDOWS\SYSTEM32\CRYPTSP.dll
0x00007ff8239c0000 - 0x00007ff8239f9000 	C:\WINDOWS\system32\rsaenh.dll
0x00007ff824060000 - 0x00007ff824093000 	C:\WINDOWS\SYSTEM32\USERENV.dll
0x00007ff824c00000 - 0x00007ff824c2a000 	C:\WINDOWS\SYSTEM32\bcrypt.dll
0x00007ff824210000 - 0x00007ff82421c000 	C:\WINDOWS\SYSTEM32\CRYPTBASE.dll
0x00007fffbb550000 - 0x00007fffbb55e000 	C:\Users\Gabriel\.vscode\extensions\redhat.java-1.55.0-win32-x64\jre\21.0.11-win32-x86_64\bin\sunmscapi.dll
0x00007ff8254d0000 - 0x00007ff825648000 	C:\WINDOWS\System32\CRYPT32.dll
0x00007ff824510000 - 0x00007ff824540000 	C:\WINDOWS\SYSTEM32\ncrypt.dll
0x00007ff8244c0000 - 0x00007ff8244ff000 	C:\WINDOWS\SYSTEM32\NTASN1.dll
0x00007ffff4430000 - 0x00007ffff4438000 	C:\WINDOWS\system32\wshunix.dll

JVMTI agents:
C:\Users\Gabriel\.gradle\wrapper\dists\gradle-9.3.1-bin\23ovyewtku6u96viwx3xl3oks\gradle-9.3.1\lib\agents\gradle-instrumentation-agent-9.3.1.jar path:C:\Users\Gabriel\.vscode\extensions\redhat.java-1.55.0-win32-x64\jre\21.0.11-win32-x86_64\bin\instrument.dll, loaded, initialized, instrumentlib options:none

dbghelp: loaded successfully - version: 4.0.5 - missing functions: none
symbol engine: initialized successfully - sym options: 0x614 - pdb path: .;C:\Users\Gabriel\.vscode\extensions\redhat.java-1.55.0-win32-x64\jre\21.0.11-win32-x86_64\bin;C:\WINDOWS\SYSTEM32;C:\WINDOWS\WinSxS\amd64_microsoft.windows.common-controls_6595b64144ccf1df_6.0.26100.8521_none_3e08b75ce33403b3;C:\Users\Gabriel\.vscode\extensions\redhat.java-1.55.0-win32-x64\jre\21.0.11-win32-x86_64\bin\server;C:\Users\Gabriel\.gradle\native\660c5614fbf4a5f2a75b1949f50a0caf5cd603558e7d8a26e50b933a0cfb79d1\windows-amd64;C:\Users\Gabriel\.gradle\native\0.2.8\x86_64-windows-gnu

VM Arguments:
jvm_args: --add-opens=java.base/java.lang=ALL-UNNAMED --add-opens=java.base/java.lang.invoke=ALL-UNNAMED --add-opens=java.base/java.util=ALL-UNNAMED --add-opens=java.prefs/java.util.prefs=ALL-UNNAMED --add-exports=jdk.compiler/com.sun.tools.javac.api=ALL-UNNAMED --add-exports=jdk.compiler/com.sun.tools.javac.util=ALL-UNNAMED --add-opens=java.base/java.util=ALL-UNNAMED --add-opens=java.prefs/java.util.prefs=ALL-UNNAMED --add-opens=java.base/java.nio.charset=ALL-UNNAMED --add-opens=java.base/java.net=ALL-UNNAMED --add-opens=java.base/java.util.concurrent=ALL-UNNAMED --add-opens=java.base/java.util.concurrent.atomic=ALL-UNNAMED --add-opens=java.xml/javax.xml.namespace=ALL-UNNAMED --add-opens=java.base/java.time=ALL-UNNAMED -XX:MaxMetaspaceSize=512m -Xmx2048m -Dfile.encoding=UTF-8 -Duser.country=BR -Duser.language=pt -Duser.variant -javaagent:C:\Users\Gabriel\.gradle\wrapper\dists\gradle-9.3.1-bin\23ovyewtku6u96viwx3xl3oks\gradle-9.3.1\lib\agents\gradle-instrumentation-agent-9.3.1.jar 
java_command: org.gradle.launcher.daemon.bootstrap.GradleDaemon 9.3.1
java_class_path (initial): C:\Users\Gabriel\.gradle\wrapper\dists\gradle-9.3.1-bin\23ovyewtku6u96viwx3xl3oks\gradle-9.3.1\lib\gradle-daemon-main-9.3.1.jar
Launcher Type: SUN_STANDARD

[Global flags]
     intx CICompilerCount                          = 12                                        {product} {ergonomic}
   size_t CompressedClassSpaceSize                 = 436207616                                 {product} {ergonomic}
     uint ConcGCThreads                            = 5                                         {product} {ergonomic}
     uint G1ConcRefinementThreads                  = 18                                        {product} {ergonomic}
   size_t G1HeapRegionSize                         = 1048576                                   {product} {ergonomic}
    uintx GCDrainStackTargetSize                   = 64                                        {product} {ergonomic}
   size_t InitialHeapSize                          = 268435456                                 {product} {ergonomic}
   size_t MarkStackSize                            = 4194304                                   {product} {ergonomic}
   size_t MaxHeapSize                              = 2147483648                                {product} {command line}
   size_t MaxMetaspaceSize                         = 536870912                                 {product} {command line}
   size_t MaxNewSize                               = 1287651328                                {product} {ergonomic}
   size_t MinHeapDeltaBytes                        = 1048576                                   {product} {ergonomic}
   size_t MinHeapSize                              = 8388608                                   {product} {ergonomic}
    uintx NonNMethodCodeHeapSize                   = 7602480                                {pd product} {ergonomic}
    uintx NonProfiledCodeHeapSize                  = 122027880                              {pd product} {ergonomic}
    uintx ProfiledCodeHeapSize                     = 122027880                              {pd product} {ergonomic}
    uintx ReservedCodeCacheSize                    = 251658240                              {pd product} {ergonomic}
     bool SegmentedCodeCache                       = true                                      {product} {ergonomic}
   size_t SoftMaxHeapSize                          = 2147483648                             {manageable} {ergonomic}
     bool UseCompressedOops                        = true                           {product lp64_product} {ergonomic}
     bool UseG1GC                                  = true                                      {product} {ergonomic}
     bool UseLargePagesIndividualAllocation        = false                                  {pd product} {ergonomic}

Logging:
Log output configuration:
 #0: stdout all=warning uptime,level,tags foldmultilines=false
 #1: stderr all=off uptime,level,tags foldmultilines=false

Release file:
JAVA_VERSION="21.0.11" 
MODULES="java.base java.compiler java.datatransfer java.xml java.prefs java.desktop java.instrument java.logging java.management java.security.sasl java.naming java.rmi java.management.rmi java.net.http java.scripting java.security.jgss java.transaction.xa java.sql java.sql.rowset java.xml.crypto java.se java.smartcardio jdk.accessibility jdk.internal.jvmstat jdk.attach jdk.charsets jdk.internal.opt jdk.zipfs jdk.compiler jdk.crypto.ec jdk.crypto.cryptoki jdk.crypto.mscapi jdk.dynalink jdk.internal.ed jdk.editpad jdk.hotspot.agent jdk.httpserver jdk.internal.le jdk.internal.vm.ci jdk.internal.vm.compiler jdk.internal.vm.compiler.management jdk.jartool jdk.javadoc jdk.jcmd jdk.management jdk.management.agent jdk.jconsole jdk.jdeps jdk.jdwp.agent jdk.jdi jdk.jfr jdk.jshell jdk.jsobject jdk.jstatd jdk.localedata jdk.management.jfr jdk.naming.dns jdk.naming.rmi jdk.net jdk.nio.mapmode jdk.random jdk.sctp jdk.security.auth jdk.security.jgss jdk.unsupported jdk.unsupported.desktop jdk.xml.dom" 

Environment Variables:
PATH=C:\Program Files\Common Files\Oracle\Java\javapath;C:\WINDOWS\system32;C:\WINDOWS;C:\WINDOWS\System32\Wbem;C:\WINDOWS\System32\WindowsPowerShell\v1.0\;C:\WINDOWS\System32\OpenSSH\;C:\Program Files\NVIDIA Corporation\NVIDIA App\NvDLISR;C:\Program Files (x86)\NVIDIA Corporation\PhysX\Common;C:\Program Files\Git\cmd;C:\Program Files\nodejs\;C:\Program Files\Docker\Docker\resources\bin;C:\Program Files\dotnet\;C:\Users\Gabriel\AppData\Local\Microsoft\WindowsApps;C:\Users\Gabriel\AppData\Local\Programs\Microsoft VS Code\bin;C:\Users\Gabriel\AppData\Local\GitHubDesktop\bin;C:\Users\Gabriel\AppData\Roaming\npm
USERNAME=Gabriel
OS=Windows_NT
PROCESSOR_IDENTIFIER=AMD64 Family 25 Model 33 Stepping 2, AuthenticAMD
TMP=C:\Users\Gabriel\AppData\Local\Temp
TEMP=C:\Users\Gabriel\AppData\Local\Temp




Periodic native trim disabled

---------------  S Y S T E M  ---------------

OS:
 Windows 11 , 64 bit Build 26100 (10.0.26100.8521)
OS uptime: 0 days 3:25 hours
Hyper-V role detected

CPU: total 24 (initial active 24) (24 cores per cpu, 2 threads per core) family 25 model 33 stepping 2 microcode 0xa20120a, cx8, cmov, fxsr, ht, mmx, 3dnowpref, sse, sse2, sse3, ssse3, sse4a, sse4.1, sse4.2, popcnt, lzcnt, tsc, tscinvbit, avx, avx2, aes, erms, clmul, bmi1, bmi2, adx, sha, fma, vzeroupper, clflush, clflushopt, hv, rdtscp, rdpid, fsrm, f16c, cet_ss
Processor Information for the first 24 processors :
  Max Mhz: 3701, Current Mhz: 3701, Mhz Limit: 3701

Memory: 4k page, system-wide physical 16270M (528M free)
TotalPageFile size 44887M (AvailPageFile size 74M)
current process WorkingSet (physical memory assigned to process): 270M, peak: 311M
current process commit charge ("private bytes"): 344M, peak: 464M

vm_info: OpenJDK 64-Bit Server VM (21.0.11+10-LTS) for windows-amd64 JRE (21.0.11+10-LTS), built on 2026-04-21T00:00:00Z by "admin" with MS VC++ 17.12 (VS2022)

END.
