#
# There is insufficient memory for the Java Runtime Environment to continue.
# Native memory allocation (malloc) failed to allocate 198816 bytes. Error detail: Chunk::new
# Possible reasons:
#   The system is out of physical RAM or swap space
#   This process is running with CompressedOops enabled, and the Java Heap may be blocking the growth of the native heap
# Possible solutions:
#   Reduce memory load on the system
#   Increase physical memory or swap space
#   Check if swap backing store is full
#   Decrease Java heap size (-Xmx/-Xms)
#   Decrease number of Java threads
#   Decrease Java thread stack sizes (-Xss)
#   Set larger code cache with -XX:ReservedCodeCacheSize=
#   JVM is running with Unscaled Compressed Oops mode in which the Java heap is
#     placed in the first 4GB address space. The Java Heap base address is the
#     maximum limit for the native heap growth. Please use -XX:HeapBaseMinAddress
#     to set the Java Heap base and to place the Java Heap above 4GB virtual address.
# This output file may be truncated or incomplete.
#
#  Out of Memory Error (arena.cpp:168), pid=26216, tid=33672
#
# JRE version: OpenJDK Runtime Environment Temurin-21.0.11+10 (21.0.11+10) (build 21.0.11+10-LTS)
# Java VM: OpenJDK 64-Bit Server VM Temurin-21.0.11+10 (21.0.11+10-LTS, mixed mode, sharing, tiered, compressed oops, compressed class ptrs, parallel gc, windows-amd64)
# No core dump will be written. Minidumps are not enabled by default on client versions of Windows
#

---------------  S U M M A R Y ------------

Command Line: --add-modules=ALL-SYSTEM --add-opens=java.base/java.util=ALL-UNNAMED --add-opens=java.base/java.lang=ALL-UNNAMED --add-opens=java.base/sun.nio.fs=ALL-UNNAMED -Declipse.application=org.eclipse.jdt.ls.core.id1 -Dosgi.bundles.defaultStartLevel=4 -Declipse.product=org.eclipse.jdt.ls.core.product -Djava.import.generatesMetadataFilesAtProjectRoot=false -DDetectVMInstallationsJob.disabled=true -Dfile.encoding=utf8 -XX:+UseParallelGC -XX:GCTimeRatio=4 -XX:AdaptiveSizePolicyWeight=90 -Dsun.zip.disableMemoryMapping=true -Xmx2G -Xms100m -Xlog:disable -javaagent:c:\Users\Gabriel\.vscode\extensions\redhat.java-1.55.0-win32-x64\lombok\lombok-1.18.39-4050.jar c:\Users\Gabriel\.vscode\extensions\redhat.java-1.55.0-win32-x64\server\plugins\org.eclipse.equinox.launcher_1.7.200.v20260619-2039.jar -configuration c:\Users\Gabriel\AppData\Roaming\Code\User\globalStorage\redhat.java\1.55.0\config_ss_win -data c:\Users\Gabriel\AppData\Roaming\Code\User\workspaceStorage\71cb7272697fd5f27bddfeeaa02c7d92\redhat.java\ss_ws --pipe=\\.\pipe\lsp-5db6711ae586fa234daaf4de7ed44ec4-sock

Host: AMD Ryzen 9 5900X 12-Core Processor            , 24 cores, 15G,  Windows 11 , 64 bit Build 26100 (10.0.26100.8521)
Time: Fri Jul  3 15:47:43 2026 Hora oficial do Brasil elapsed time: 3.612593 seconds (0d 0h 0m 3s)

---------------  T H R E A D  ---------------

Current thread (0x000001bc93309750):  JavaThread "C2 CompilerThread1" daemon [_thread_in_native, id=33672, stack(0x000000b117000000,0x000000b117100000) (1024K)]


Current CompileTask:
C2:3612 1852 %     4       java.io.WinNTFileSystem::normalize @ 58 (224 bytes)

Stack: [0x000000b117000000,0x000000b117100000]
Native frames: (J=compiled Java code, j=interpreted, Vv=VM code, C=native code)
V  [jvm.dll+0x6d7e19]
V  [jvm.dll+0x8b5096]
V  [jvm.dll+0x8b764e]
V  [jvm.dll+0x8b7d33]
V  [jvm.dll+0x284596]
V  [jvm.dll+0xc685d]
V  [jvm.dll+0xc6da1]
V  [jvm.dll+0x2fb4ee]
V  [jvm.dll+0x5fe9a4]
V  [jvm.dll+0x255d67]
V  [jvm.dll+0x25612d]
V  [jvm.dll+0x24e6a0]
V  [jvm.dll+0x24bbe6]
V  [jvm.dll+0x1cb4ae]
V  [jvm.dll+0x25baad]
V  [jvm.dll+0x25a03a]
V  [jvm.dll+0x3f868e]
V  [jvm.dll+0x85fb0d]
V  [jvm.dll+0x6d664d]
C  [ucrtbase.dll+0x2cd30]
C  [KERNEL32.DLL+0x2e957]
C  [ntdll.dll+0x87c1c]


---------------  P R O C E S S  ---------------

Threads class SMR info:
_java_thread_list=0x000001bc93056600, length=15, elements={
0x000001bc30658310, 0x000001bc309c6640, 0x000001bc309c99d0, 0x000001bc309db2a0,
0x000001bc309dbd00, 0x000001bc309ddb80, 0x000001bc309de860, 0x000001bc8b9afbd0,
0x000001bc8b9b0720, 0x000001bc8baaa810, 0x000001bc8bc49b30, 0x000001bc8e1e24a0,
0x000001bc8e2d0860, 0x000001bc93309750, 0x000001bc9300a8b0
}

Java Threads: ( => current thread )
  0x000001bc30658310 JavaThread "main"                              [_thread_in_Java, id=30276, stack(0x000000b116300000,0x000000b116400000) (1024K)]
  0x000001bc309c6640 JavaThread "Reference Handler"          daemon [_thread_blocked, id=27340, stack(0x000000b116700000,0x000000b116800000) (1024K)]
  0x000001bc309c99d0 JavaThread "Finalizer"                  daemon [_thread_blocked, id=8592, stack(0x000000b116800000,0x000000b116900000) (1024K)]
  0x000001bc309db2a0 JavaThread "Signal Dispatcher"          daemon [_thread_blocked, id=22004, stack(0x000000b116900000,0x000000b116a00000) (1024K)]
  0x000001bc309dbd00 JavaThread "Attach Listener"            daemon [_thread_blocked, id=33152, stack(0x000000b116a00000,0x000000b116b00000) (1024K)]
  0x000001bc309ddb80 JavaThread "Service Thread"             daemon [_thread_blocked, id=30832, stack(0x000000b116b00000,0x000000b116c00000) (1024K)]
  0x000001bc309de860 JavaThread "Monitor Deflation Thread"   daemon [_thread_blocked, id=31064, stack(0x000000b116c00000,0x000000b116d00000) (1024K)]
  0x000001bc8b9afbd0 JavaThread "C2 CompilerThread0"         daemon [_thread_blocked, id=30972, stack(0x000000b116d00000,0x000000b116e00000) (1024K)]
  0x000001bc8b9b0720 JavaThread "C1 CompilerThread0"         daemon [_thread_blocked, id=29992, stack(0x000000b116e00000,0x000000b116f00000) (1024K)]
  0x000001bc8baaa810 JavaThread "C1 CompilerThread1"         daemon [_thread_in_native, id=31648, stack(0x000000b116f00000,0x000000b117000000) (1024K)]
  0x000001bc8bc49b30 JavaThread "Common-Cleaner"             daemon [_thread_blocked, id=32128, stack(0x000000b117100000,0x000000b117200000) (1024K)]
  0x000001bc8e1e24a0 JavaThread "C1 CompilerThread2"         daemon [_thread_blocked, id=21160, stack(0x000000b117200000,0x000000b117300000) (1024K)]
  0x000001bc8e2d0860 JavaThread "Notification Thread"        daemon [_thread_blocked, id=29500, stack(0x000000b117300000,0x000000b117400000) (1024K)]
=>0x000001bc93309750 JavaThread "C2 CompilerThread1"         daemon [_thread_in_native, id=33672, stack(0x000000b117000000,0x000000b117100000) (1024K)]
  0x000001bc9300a8b0 JavaThread "Active Thread: Equinox Container: 62b77c4a-d1ff-4408-86a5-c9e819c3be6b"        [_thread_blocked, id=12296, stack(0x000000b117a00000,0x000000b117b00000) (1024K)]
Total: 15

Other Threads:
  0x000001bc8b9a9680 VMThread "VM Thread"                           [id=21456, stack(0x000000b116600000,0x000000b116700000) (1024K)]
  0x000001bc4920ba00 WatcherThread "VM Periodic Task Thread"        [id=26944, stack(0x000000b116500000,0x000000b116600000) (1024K)]
  0x000001bc3093a610 WorkerThread "GC Thread#0"                     [id=17908, stack(0x000000b116400000,0x000000b116500000) (1024K)]
  0x000001bc93069760 WorkerThread "GC Thread#1"                     [id=27232, stack(0x000000b117400000,0x000000b117500000) (1024K)]
  0x000001bc93069b10 WorkerThread "GC Thread#2"                     [id=24744, stack(0x000000b117500000,0x000000b117600000) (1024K)]
  0x000001bc8e596710 WorkerThread "GC Thread#3"                     [id=25032, stack(0x000000b117600000,0x000000b117700000) (1024K)]
  0x000001bc8e596ac0 WorkerThread "GC Thread#4"                     [id=24972, stack(0x000000b117700000,0x000000b117800000) (1024K)]
  0x000001bc8e783a40 WorkerThread "GC Thread#5"                     [id=14984, stack(0x000000b117800000,0x000000b117900000) (1024K)]
  0x000001bc8e596e70 WorkerThread "GC Thread#6"                     [id=32408, stack(0x000000b117900000,0x000000b117a00000) (1024K)]
Total: 9

Threads with active compile tasks:
C2 CompilerThread1  3635 1852 %     4       java.io.WinNTFileSystem::normalize @ 58 (224 bytes)
Total: 1

VM state: not at safepoint (normal execution)

VM Mutex/Monitor currently owned by a thread: None

Heap address: 0x0000000080000000, size: 2048 MB, Compressed Oops mode: 32-bit

CDS archive(s) mapped at: [0x000001bc4a000000-0x000001bc4aba0000-0x000001bc4aba0000), size 12189696, SharedBaseAddress: 0x000001bc4a000000, ArchiveRelocationMode: 1.
Compressed class space mapped at: 0x000001bc4b000000-0x000001bc8b000000, reserved size: 1073741824
Narrow klass base: 0x000001bc4a000000, Narrow klass shift: 0, Narrow klass range: 0x100000000

GC Precious Log:
 CardTable entry size: 512
 CPUs: 24 total, 24 available
 Memory: 16270M
 Large Page Support: Disabled
 NUMA Support: Disabled
 Compressed Oops: Enabled (32-bit)
 Alignments: Space 512K, Generation 512K, Heap 2M
 Heap Min Capacity: 100M
 Heap Initial Capacity: 100M
 Heap Max Capacity: 2G
 Pre-touch: Disabled
 Parallel Workers: 18

Heap:
 PSYoungGen      total 29696K, used 29419K [0x00000000d5580000, 0x00000000d7680000, 0x0000000100000000)
  eden space 25600K, 100% used [0x00000000d5580000,0x00000000d6e80000,0x00000000d6e80000)
  from space 4096K, 93% used [0x00000000d6e80000,0x00000000d723aff0,0x00000000d7280000)
  to   space 4096K, 0% used [0x00000000d7280000,0x00000000d7280000,0x00000000d7680000)
 ParOldGen       total 68608K, used 16K [0x0000000080000000, 0x0000000084300000, 0x00000000d5580000)
  object space 68608K, 0% used [0x0000000080000000,0x0000000080004000,0x0000000084300000)
 Metaspace       used 8015K, committed 8256K, reserved 1114112K
  class space    used 833K, committed 960K, reserved 1048576K

Card table byte_map: [0x000001bc44640000,0x000001bc44a50000] _byte_map_base: 0x000001bc44240000

Marking Bits: (ParMarkBitMap*) 0x00007fff39314460
 Begin Bits: [0x000001bc44d00000, 0x000001bc46d00000)
 End Bits:   [0x000001bc46d00000, 0x000001bc48d00000)

Polling page: 0x000001bc30d80000

Metaspace:

Usage:
  Non-class:      7.01 MB used.
      Class:    833.45 KB used.
       Both:      7.83 MB used.

Virtual space:
  Non-class space:       64.00 MB reserved,       7.12 MB ( 11%) committed,  1 nodes.
      Class space:        1.00 GB reserved,     960.00 KB ( <1%) committed,  1 nodes.
             Both:        1.06 GB reserved,       8.06 MB ( <1%) committed. 

Chunk freelists:
   Non-Class:  8.81 MB
       Class:  14.91 MB
        Both:  23.72 MB

MaxMetaspaceSize: unlimited
CompressedClassSpaceSize: 1.00 GB
Initial GC threshold: 21.00 MB
Current GC threshold: 21.00 MB
CDS: on
 - commit_granule_bytes: 65536.
 - commit_granule_words: 8192.
 - virtual_space_node_default_size: 8388608.
 - enlarge_chunks_in_place: 1.
 - use_allocation_guard: 0.


Internal statistics:

num_allocs_failed_limit: 0.
num_arena_births: 228.
num_arena_deaths: 0.
num_vsnodes_births: 2.
num_vsnodes_deaths: 0.
num_space_committed: 129.
num_space_uncommitted: 0.
num_chunks_returned_to_freelist: 0.
num_chunks_taken_from_freelist: 421.
num_chunk_merges: 0.
num_chunk_splits: 268.
num_chunks_enlarged: 179.
num_inconsistent_stats: 0.

CodeHeap 'non-profiled nmethods': size=119168Kb used=755Kb max_used=755Kb free=118413Kb
 bounds [0x000001bc3d000000, 0x000001bc3d270000, 0x000001bc44460000]
CodeHeap 'profiled nmethods': size=119104Kb used=3419Kb max_used=3419Kb free=115684Kb
 bounds [0x000001bc35460000, 0x000001bc357c0000, 0x000001bc3c8b0000]
CodeHeap 'non-nmethods': size=7488Kb used=2343Kb max_used=2373Kb free=5144Kb
 bounds [0x000001bc3c8b0000, 0x000001bc3cb20000, 0x000001bc3d000000]
CodeCache: size=245760Kb, used=6517Kb, max_used=6547Kb, free=239241Kb
 total_blobs=2359, nmethods=1874, adapters=390, full_count=0
Compilation: enabled, stopped_count=0, restarted_count=0

Compilation events (20 events):
Event: 1.582 Thread 0x000001bc8e1e24a0 nmethod 1849 0x000001bc357a1e10 code [0x000001bc357a2020, 0x000001bc357a2618]
Event: 1.584 Thread 0x000001bc8e1e24a0 1850       3       java.lang.ThreadLocal::get (35 bytes)
Event: 1.584 Thread 0x000001bc8e1e24a0 nmethod 1850 0x000001bc357a2810 code [0x000001bc357a29e0, 0x000001bc357a2ce8]
Event: 1.584 Thread 0x000001bc93309750 1851       4       sun.nio.fs.WindowsPathParser::isInvalidPathChar (22 bytes)
Event: 1.585 Thread 0x000001bc93309750 nmethod 1851 0x000001bc3d0b8290 code [0x000001bc3d0b8420, 0x000001bc3d0b85b8]
Event: 1.585 Thread 0x000001bc93309750 1853       4       java.lang.StringLatin1::inflate (34 bytes)
Event: 1.585 Thread 0x000001bc8b9b0720 1854       3       java.util.Collections::emptyIterator (4 bytes)
Event: 1.585 Thread 0x000001bc8b9b0720 nmethod 1854 0x000001bc357a2e90 code [0x000001bc357a3020, 0x000001bc357a3118]
Event: 1.587 Thread 0x000001bc8b9b0720 1855       3       sun.net.util.IPAddressUtil::checkUserInfo (44 bytes)
Event: 1.588 Thread 0x000001bc8e1e24a0 1856       3       java.io.File::isAbsolute (8 bytes)
Event: 1.588 Thread 0x000001bc8baaa810 1857       3       java.io.WinNTFileSystem::isAbsolute (36 bytes)
Event: 1.588 Thread 0x000001bc8e1e24a0 nmethod 1856 0x000001bc357a3190 code [0x000001bc357a3340, 0x000001bc357a3490]
Event: 1.588 Thread 0x000001bc8b9b0720 nmethod 1855 0x000001bc357a3510 code [0x000001bc357a37a0, 0x000001bc357a41e8]
Event: 1.588 Thread 0x000001bc8baaa810 nmethod 1857 0x000001bc357a4690 code [0x000001bc357a48a0, 0x000001bc357a4f30]
Event: 1.589 Thread 0x000001bc93309750 nmethod 1853 0x000001bc3d0b8710 code [0x000001bc3d0b88a0, 0x000001bc3d0b8a30]
Event: 1.589 Thread 0x000001bc93309750 1852 %     4       java.io.WinNTFileSystem::normalize @ 58 (224 bytes)
Event: 1.589 Thread 0x000001bc8baaa810 1858       3       java.net.URL::<init> (438 bytes)
Event: 1.591 Thread 0x000001bc8baaa810 nmethod 1858 0x000001bc357a5210 code [0x000001bc357a58e0, 0x000001bc357a8c58]
Event: 1.594 Thread 0x000001bc8b9b0720 1860       3       java.io.File::slashify (84 bytes)
Event: 3.611 Thread 0x000001bc8b9b0720 nmethod 1860 0x000001bc357aa090 code [0x000001bc357aa3a0, 0x000001bc357ab0e8]

GC Heap History (2 events):
Event: 0.884 GC heap before
{Heap before GC invocations=1 (full 0):
 PSYoungGen      total 29696K, used 25600K [0x00000000d5580000, 0x00000000d7680000, 0x0000000100000000)
  eden space 25600K, 100% used [0x00000000d5580000,0x00000000d6e80000,0x00000000d6e80000)
  from space 4096K, 0% used [0x00000000d7280000,0x00000000d7280000,0x00000000d7680000)
  to   space 4096K, 0% used [0x00000000d6e80000,0x00000000d6e80000,0x00000000d7280000)
 ParOldGen       total 68608K, used 0K [0x0000000080000000, 0x0000000084300000, 0x00000000d5580000)
  object space 68608K, 0% used [0x0000000080000000,0x0000000080000000,0x0000000084300000)
 Metaspace       used 4249K, committed 4544K, reserved 1114112K
  class space    used 465K, committed 576K, reserved 1048576K
}
Event: 0.892 GC heap after
{Heap after GC invocations=1 (full 0):
 PSYoungGen      total 29696K, used 3819K [0x00000000d5580000, 0x00000000d7680000, 0x0000000100000000)
  eden space 25600K, 0% used [0x00000000d5580000,0x00000000d5580000,0x00000000d6e80000)
  from space 4096K, 93% used [0x00000000d6e80000,0x00000000d723aff0,0x00000000d7280000)
  to   space 4096K, 0% used [0x00000000d7280000,0x00000000d7280000,0x00000000d7680000)
 ParOldGen       total 68608K, used 16K [0x0000000080000000, 0x0000000084300000, 0x00000000d5580000)
  object space 68608K, 0% used [0x0000000080000000,0x0000000080004000,0x0000000084300000)
 Metaspace       used 4249K, committed 4544K, reserved 1114112K
  class space    used 465K, committed 576K, reserved 1048576K
}

Dll operation events (8 events):
Event: 0.051 Loaded shared library c:\Users\Gabriel\.vscode\extensions\redhat.java-1.55.0-win32-x64\jre\21.0.11-win32-x86_64\bin\java.dll
Event: 0.160 Loaded shared library c:\Users\Gabriel\.vscode\extensions\redhat.java-1.55.0-win32-x64\jre\21.0.11-win32-x86_64\bin\zip.dll
Event: 0.184 Loaded shared library C:\Users\Gabriel\.vscode\extensions\redhat.java-1.55.0-win32-x64\jre\21.0.11-win32-x86_64\bin\instrument.dll
Event: 0.198 Loaded shared library C:\Users\Gabriel\.vscode\extensions\redhat.java-1.55.0-win32-x64\jre\21.0.11-win32-x86_64\bin\net.dll
Event: 0.200 Loaded shared library C:\Users\Gabriel\.vscode\extensions\redhat.java-1.55.0-win32-x64\jre\21.0.11-win32-x86_64\bin\nio.dll
Event: 0.205 Loaded shared library C:\Users\Gabriel\.vscode\extensions\redhat.java-1.55.0-win32-x64\jre\21.0.11-win32-x86_64\bin\zip.dll
Event: 0.229 Loaded shared library C:\Users\Gabriel\.vscode\extensions\redhat.java-1.55.0-win32-x64\jre\21.0.11-win32-x86_64\bin\jimage.dll
Event: 0.331 Loaded shared library c:\Users\Gabriel\.vscode\extensions\redhat.java-1.55.0-win32-x64\jre\21.0.11-win32-x86_64\bin\verify.dll

Deoptimization events (20 events):
Event: 1.487 Thread 0x000001bc30658310 Uncommon trap: trap_request=0xffffffde fr.pc=0x000001bc3d09c820 relative=0x0000000000000ac0
Event: 1.487 Thread 0x000001bc30658310 Uncommon trap: reason=class_check action=maybe_recompile pc=0x000001bc3d09c820 method=java.util.HashMap.putVal(ILjava/lang/Object;Ljava/lang/Object;ZZ)Ljava/lang/Object; @ 253 c2
Event: 1.487 Thread 0x000001bc30658310 DEOPT PACKING pc=0x000001bc3d09c820 sp=0x000000b1163fe410
Event: 1.487 Thread 0x000001bc30658310 DEOPT UNPACKING pc=0x000001bc3c903aa2 sp=0x000000b1163fe338 mode 2
Event: 1.488 Thread 0x000001bc30658310 Uncommon trap: trap_request=0xffffffde fr.pc=0x000001bc3d09c820 relative=0x0000000000000ac0
Event: 1.488 Thread 0x000001bc30658310 Uncommon trap: reason=class_check action=maybe_recompile pc=0x000001bc3d09c820 method=java.util.HashMap.putVal(ILjava/lang/Object;Ljava/lang/Object;ZZ)Ljava/lang/Object; @ 253 c2
Event: 1.488 Thread 0x000001bc30658310 DEOPT PACKING pc=0x000001bc3d09c820 sp=0x000000b1163fe410
Event: 1.488 Thread 0x000001bc30658310 DEOPT UNPACKING pc=0x000001bc3c903aa2 sp=0x000000b1163fe338 mode 2
Event: 1.488 Thread 0x000001bc30658310 Uncommon trap: trap_request=0xffffffde fr.pc=0x000001bc3d064e80 relative=0x0000000000000920
Event: 1.489 Thread 0x000001bc30658310 Uncommon trap: reason=class_check action=maybe_recompile pc=0x000001bc3d064e80 method=java.util.HashMap.putVal(ILjava/lang/Object;Ljava/lang/Object;ZZ)Ljava/lang/Object; @ 253 c2
Event: 1.489 Thread 0x000001bc30658310 DEOPT PACKING pc=0x000001bc3d064e80 sp=0x000000b1163fe270
Event: 1.489 Thread 0x000001bc30658310 DEOPT UNPACKING pc=0x000001bc3c903aa2 sp=0x000000b1163fe230 mode 2
Event: 1.533 Thread 0x000001bc30658310 DEOPT PACKING pc=0x000001bc355f9f88 sp=0x000000b1163fc560
Event: 1.533 Thread 0x000001bc30658310 DEOPT UNPACKING pc=0x000001bc3c904242 sp=0x000000b1163fb9e0 mode 0
Event: 1.534 Thread 0x000001bc30658310 DEOPT PACKING pc=0x000001bc355f9f88 sp=0x000000b1163fc870
Event: 1.534 Thread 0x000001bc30658310 DEOPT UNPACKING pc=0x000001bc3c904242 sp=0x000000b1163fbcf0 mode 0
Event: 1.535 Thread 0x000001bc30658310 DEOPT PACKING pc=0x000001bc355f9f88 sp=0x000000b1163fc7c0
Event: 1.535 Thread 0x000001bc30658310 DEOPT UNPACKING pc=0x000001bc3c904242 sp=0x000000b1163fbc40 mode 0
Event: 1.536 Thread 0x000001bc30658310 DEOPT PACKING pc=0x000001bc355f9f88 sp=0x000000b1163fcac0
Event: 1.536 Thread 0x000001bc30658310 DEOPT UNPACKING pc=0x000001bc3c904242 sp=0x000000b1163fbf40 mode 0

Classes loaded (20 events):
Event: 1.529 Loading class java/security/KeyStoreException
Event: 1.529 Loading class java/security/KeyStoreException done
Event: 1.563 Loading class java/util/LinkedList$Node
Event: 1.563 Loading class java/util/LinkedList$Node done
Event: 1.563 Loading class java/util/LinkedList$ListItr
Event: 1.563 Loading class java/util/LinkedList$ListItr done
Event: 1.564 Loading class java/lang/Thread$Builder$OfPlatform
Event: 1.564 Loading class java/lang/Thread$Builder
Event: 1.564 Loading class java/lang/Thread$Builder done
Event: 1.564 Loading class java/lang/Thread$Builder$OfPlatform done
Event: 1.564 Loading class java/lang/Thread$Builder$OfVirtual
Event: 1.564 Loading class java/lang/Thread$Builder$OfVirtual done
Event: 1.569 Loading class sun/nio/fs/WindowsChannelFactory
Event: 1.569 Loading class sun/nio/fs/WindowsChannelFactory done
Event: 1.569 Loading class sun/nio/fs/WindowsChannelFactory$1
Event: 1.569 Loading class sun/nio/fs/WindowsChannelFactory$1 done
Event: 1.569 Loading class sun/nio/fs/WindowsChannelFactory$Flags
Event: 1.570 Loading class sun/nio/fs/WindowsChannelFactory$Flags done
Event: 1.570 Loading class sun/nio/ch/FileChannelImpl$Closer
Event: 1.570 Loading class sun/nio/ch/FileChannelImpl$Closer done

Classes unloaded (0 events):
No events

Classes redefined (0 events):
No events

Internal exceptions (20 events):
Event: 0.732 Thread 0x000001bc30658310 Exception <a 'java/lang/NoSuchMethodError'{0x00000000d6705068}: 'java.lang.Object java.lang.invoke.DirectMethodHandle$Holder.invokeInterface(java.lang.Object, java.lang.Object, int)'> (0x00000000d6705068) 
thrown [s\src\hotspot\share\interpreter\linkResolver.cpp, line 773]
Event: 0.843 Thread 0x000001bc30658310 Exception <a 'java/lang/NoSuchMethodError'{0x00000000d6b73bc8}: 'java.lang.ClassLoader java.lang.ClassLoader.getPlatformClassLoader(java.lang.Class)'> (0x00000000d6b73bc8) 
thrown [s\src\hotspot\share\interpreter\linkResolver.cpp, line 773]
Event: 0.926 Thread 0x000001bc30658310 Exception <a 'java/lang/ClassNotFoundException'{0x00000000d56d2168}: sun/net/www/protocol/c/Handler> (0x00000000d56d2168) 
thrown [s\src\hotspot\share\classfile\systemDictionary.cpp, line 313]
Event: 0.926 Thread 0x000001bc30658310 Exception <a 'java/lang/ClassNotFoundException'{0x00000000d56d3510}: sun/net/www/protocol/c/Handler> (0x00000000d56d3510) 
thrown [s\src\hotspot\share\classfile\systemDictionary.cpp, line 313]
Event: 0.927 Thread 0x000001bc30658310 Exception <a 'java/lang/ClassNotFoundException'{0x00000000d56d4700}: sun/net/www/protocol/c/Handler> (0x00000000d56d4700) 
thrown [s\src\hotspot\share\classfile\systemDictionary.cpp, line 313]
Event: 0.938 Thread 0x000001bc30658310 Exception <a 'java/io/FileNotFoundException'{0x00000000d56fc490}> (0x00000000d56fc490) 
thrown [s\src\hotspot\share\prims\jni.cpp, line 520]
Event: 0.995 Thread 0x000001bc30658310 Implicit null exception at 0x000001bc3d05cbc9 to 0x000001bc3d05d53c
Event: 0.995 Thread 0x000001bc30658310 Implicit null exception at 0x000001bc3d06fc1a to 0x000001bc3d06fe20
Event: 0.996 Thread 0x000001bc30658310 Exception <a 'java/lang/NoSuchMethodError'{0x00000000d58afb50}: 'void java.lang.invoke.DirectMethodHandle$Holder.invokeStatic(java.lang.Object, java.lang.Object, java.lang.Object, java.lang.Object)'> (0x00000000d58afb50) 
thrown [s\src\hotspot\share\interpreter\linkResolver.cpp, line 773]
Event: 0.997 Thread 0x000001bc30658310 Implicit null exception at 0x000001bc3d06021a to 0x000001bc3d060424
Event: 0.997 Thread 0x000001bc30658310 Implicit null exception at 0x000001bc3d059dbd to 0x000001bc3d059e41
Event: 1.120 Thread 0x000001bc30658310 Exception <a 'java/lang/NoSuchMethodError'{0x00000000d5b31a88}: 'void java.lang.invoke.DirectMethodHandle$Holder.invokeSpecial(java.lang.Object, java.lang.Object, java.lang.Object)'> (0x00000000d5b31a88) 
thrown [s\src\hotspot\share\interpreter\linkResolver.cpp, line 773]
Event: 1.364 Thread 0x000001bc30658310 Exception <a 'java/lang/NoSuchMethodError'{0x00000000d6431ad0}: 'int java.lang.invoke.DirectMethodHandle$Holder.invokeVirtual(java.lang.Object, java.lang.Object)'> (0x00000000d6431ad0) 
thrown [s\src\hotspot\share\interpreter\linkResolver.cpp, line 773]
Event: 1.436 Thread 0x000001bc30658310 Exception <a 'java/lang/NoSuchMethodError'{0x00000000d65a7c58}: 'int java.lang.invoke.DirectMethodHandle$Holder.invokeStaticInit(java.lang.Object, java.lang.Object, java.lang.Object, java.lang.Object)'> (0x00000000d65a7c58) 
thrown [s\src\hotspot\share\interpreter\linkResolver.cpp, line 773]
Event: 1.437 Thread 0x000001bc30658310 Exception <a 'java/lang/IncompatibleClassChangeError'{0x00000000d65b0340}: Found class java.lang.Object, but interface was expected> (0x00000000d65b0340) 
thrown [s\src\hotspot\share\interpreter\linkResolver.cpp, line 840]
Event: 1.437 Thread 0x000001bc30658310 Exception <a 'java/lang/NoSuchMethodError'{0x00000000d65b68d0}: 'void java.lang.invoke.DirectMethodHandle$Holder.invokeStaticInit(java.lang.Object, java.lang.Object)'> (0x00000000d65b68d0) 
thrown [s\src\hotspot\share\interpreter\linkResolver.cpp, line 773]
Event: 1.438 Thread 0x000001bc30658310 Exception <a 'java/lang/NoSuchMethodError'{0x00000000d65bfd30}: 'int java.lang.invoke.DirectMethodHandle$Holder.invokeStaticInit(java.lang.Object, java.lang.Object)'> (0x00000000d65bfd30) 
thrown [s\src\hotspot\share\interpreter\linkResolver.cpp, line 773]
Event: 1.475 Thread 0x000001bc30658310 Exception <a 'java/lang/NoSuchMethodError'{0x00000000d6820158}: 'java.lang.Object java.lang.invoke.DirectMethodHandle$Holder.newInvokeSpecial(java.lang.Object, int, java.lang.Object)'> (0x00000000d6820158) 
thrown [s\src\hotspot\share\interpreter\linkResolver.cpp, line 773]
Event: 1.509 Thread 0x000001bc30658310 Exception <a 'java/lang/ClassNotFoundException'{0x00000000d6a46ca8}: sun/net/www/protocol/plurl/Handler> (0x00000000d6a46ca8) 
thrown [s\src\hotspot\share\classfile\systemDictionary.cpp, line 313]
Event: 1.509 Thread 0x000001bc30658310 Exception <a 'java/lang/ClassNotFoundException'{0x00000000d6a47d78}: sun/net/www/protocol/plurl/Handler> (0x00000000d6a47d78) 
thrown [s\src\hotspot\share\classfile\systemDictionary.cpp, line 313]

ZGC Phase Switch (0 events):
No events

VM Operations (19 events):
Event: 0.158 Executing non-safepoint VM operation: HandshakeAllThreads (Deoptimize)
Event: 0.158 Executing non-safepoint VM operation: HandshakeAllThreads (Deoptimize) done
Event: 0.251 Executing non-safepoint VM operation: HandshakeAllThreads (Deoptimize)
Event: 0.251 Executing non-safepoint VM operation: HandshakeAllThreads (Deoptimize) done
Event: 0.622 Executing non-safepoint VM operation: HandshakeAllThreads (Deoptimize)
Event: 0.622 Executing non-safepoint VM operation: HandshakeAllThreads (Deoptimize) done
Event: 0.637 Executing non-safepoint VM operation: HandshakeAllThreads (Deoptimize)
Event: 0.637 Executing non-safepoint VM operation: HandshakeAllThreads (Deoptimize) done
Event: 0.884 Executing safepoint VM operation: ParallelGCFailedAllocation (Allocation Failure)
Event: 0.892 Executing safepoint VM operation: ParallelGCFailedAllocation (Allocation Failure) done
Event: 1.458 Executing non-safepoint VM operation: HandshakeAllThreads (Deoptimize)
Event: 1.458 Executing non-safepoint VM operation: HandshakeAllThreads (Deoptimize) done
Event: 1.467 Executing non-safepoint VM operation: HandshakeAllThreads (Deoptimize)
Event: 1.467 Executing non-safepoint VM operation: HandshakeAllThreads (Deoptimize) done
Event: 1.496 Executing non-safepoint VM operation: HandshakeAllThreads (Deoptimize)
Event: 1.497 Executing non-safepoint VM operation: HandshakeAllThreads (Deoptimize) done
Event: 1.504 Executing non-safepoint VM operation: HandshakeAllThreads (Deoptimize)
Event: 1.504 Executing non-safepoint VM operation: HandshakeAllThreads (Deoptimize) done
Event: 2.504 Executing safepoint VM operation: Cleanup

Memory protections (0 events):
No events

Nmethod flushes (0 events):
No events

Events (17 events):
Event: 0.100 Thread 0x000001bc30658310 Thread added: 0x000001bc30658310
Event: 0.123 Thread 0x000001bc30658310 Thread added: 0x000001bc309c6640
Event: 0.123 Thread 0x000001bc30658310 Thread added: 0x000001bc309c99d0
Event: 0.123 Thread 0x000001bc30658310 Thread added: 0x000001bc309db2a0
Event: 0.124 Thread 0x000001bc30658310 Thread added: 0x000001bc309dbd00
Event: 0.124 Thread 0x000001bc30658310 Thread added: 0x000001bc309ddb80
Event: 0.124 Thread 0x000001bc30658310 Thread added: 0x000001bc309de860
Event: 0.124 Thread 0x000001bc30658310 Thread added: 0x000001bc8b9afbd0
Event: 0.124 Thread 0x000001bc30658310 Thread added: 0x000001bc8b9b0720
Event: 0.157 Thread 0x000001bc8b9b0720 Thread added: 0x000001bc8baaa810
Event: 0.165 Thread 0x000001bc8b9afbd0 Thread added: 0x000001bc8bafffa0
Event: 0.189 Thread 0x000001bc30658310 Thread added: 0x000001bc8bc49b30
Event: 0.243 Thread 0x000001bc8bafffa0 Thread added: 0x000001bc8e1e24a0
Event: 0.434 Thread 0x000001bc30658310 Thread added: 0x000001bc8e2d0860
Event: 1.079 Thread 0x000001bc8bafffa0 Thread exited: 0x000001bc8bafffa0
Event: 1.189 Thread 0x000001bc8e1e24a0 Thread added: 0x000001bc93309750
Event: 1.448 Thread 0x000001bc30658310 Thread added: 0x000001bc9300a8b0


Dynamic libraries:
0x00007ff795c30000 - 0x00007ff795c3e000 	c:\Users\Gabriel\.vscode\extensions\redhat.java-1.55.0-win32-x64\jre\21.0.11-win32-x86_64\bin\java.exe
0x00007ffff5d40000 - 0x00007ffff5fa6000 	C:\WINDOWS\SYSTEM32\ntdll.dll
0x00007ffff3f40000 - 0x00007ffff4009000 	C:\WINDOWS\System32\KERNEL32.DLL
0x00007ffff36b0000 - 0x00007ffff3aaa000 	C:\WINDOWS\System32\KERNELBASE.dll
0x00007ffff3410000 - 0x00007ffff355c000 	C:\WINDOWS\System32\ucrtbase.dll
0x00007fff82ba0000 - 0x00007fff82bb8000 	c:\Users\Gabriel\.vscode\extensions\redhat.java-1.55.0-win32-x64\jre\21.0.11-win32-x86_64\bin\jli.dll
0x00007ffff52d0000 - 0x00007ffff5497000 	C:\WINDOWS\System32\USER32.dll
0x00007ffff3200000 - 0x00007ffff3227000 	C:\WINDOWS\System32\win32u.dll
0x00007ffff54f0000 - 0x00007ffff551b000 	C:\WINDOWS\System32\GDI32.dll
0x00007ffff32e0000 - 0x00007ffff340b000 	C:\WINDOWS\System32\gdi32full.dll
0x00007ffff2fd0000 - 0x00007ffff3073000 	C:\WINDOWS\System32\msvcp_win.dll
0x00007fffe4bd0000 - 0x00007fffe4e62000 	C:\WINDOWS\WinSxS\amd64_microsoft.windows.common-controls_6595b64144ccf1df_6.0.26100.8521_none_3e08b75ce33403b3\COMCTL32.dll
0x00007ffff58c0000 - 0x00007ffff5969000 	C:\WINDOWS\System32\msvcrt.dll
0x00007fff82b80000 - 0x00007fff82b9e000 	c:\Users\Gabriel\.vscode\extensions\redhat.java-1.55.0-win32-x64\jre\21.0.11-win32-x86_64\bin\VCRUNTIME140.dll
0x00007ffff4c70000 - 0x00007ffff4ca2000 	C:\WINDOWS\System32\IMM32.DLL
0x00007fffdde90000 - 0x00007fffdde9c000 	c:\Users\Gabriel\.vscode\extensions\redhat.java-1.55.0-win32-x64\jre\21.0.11-win32-x86_64\bin\vcruntime140_1.dll
0x00007fff78700000 - 0x00007fff7878d000 	c:\Users\Gabriel\.vscode\extensions\redhat.java-1.55.0-win32-x64\jre\21.0.11-win32-x86_64\bin\msvcp140.dll
0x00007fff38650000 - 0x00007fff393f2000 	c:\Users\Gabriel\.vscode\extensions\redhat.java-1.55.0-win32-x64\jre\21.0.11-win32-x86_64\bin\server\jvm.dll
0x00007ffff57f0000 - 0x00007ffff58a6000 	C:\WINDOWS\System32\ADVAPI32.dll
0x00007ffff4e30000 - 0x00007ffff4eda000 	C:\WINDOWS\System32\sechost.dll
0x00007ffff4b50000 - 0x00007ffff4c68000 	C:\WINDOWS\System32\RPCRT4.dll
0x00007ffff5040000 - 0x00007ffff50c0000 	C:\WINDOWS\System32\WS2_32.dll
0x00007ffff2e30000 - 0x00007ffff2e8e000 	C:\WINDOWS\SYSTEM32\POWRPROF.dll
0x00007fffe83a0000 - 0x00007fffe83d6000 	C:\WINDOWS\SYSTEM32\WINMM.dll
0x00007fffebc70000 - 0x00007fffebc7b000 	C:\WINDOWS\SYSTEM32\VERSION.dll
0x00007ffff2e10000 - 0x00007ffff2e24000 	C:\WINDOWS\SYSTEM32\UMPDC.dll
0x00007ffff1d20000 - 0x00007ffff1d3b000 	C:\WINDOWS\SYSTEM32\kernel.appcore.dll
0x00007fffdd6f0000 - 0x00007fffdd6fa000 	c:\Users\Gabriel\.vscode\extensions\redhat.java-1.55.0-win32-x64\jre\21.0.11-win32-x86_64\bin\jimage.dll
0x00007fffe70f0000 - 0x00007fffe7332000 	C:\WINDOWS\SYSTEM32\DBGHELP.DLL
0x00007ffff47c0000 - 0x00007ffff4b43000 	C:\WINDOWS\System32\combase.dll
0x00007ffff5140000 - 0x00007ffff5219000 	C:\WINDOWS\System32\OLEAUT32.dll
0x00007fffd7500000 - 0x00007fffd753b000 	C:\WINDOWS\SYSTEM32\dbgcore.DLL
0x00007ffff3230000 - 0x00007ffff32d8000 	C:\WINDOWS\System32\bcryptPrimitives.dll
0x00007fffdd6c0000 - 0x00007fffdd6cf000 	c:\Users\Gabriel\.vscode\extensions\redhat.java-1.55.0-win32-x64\jre\21.0.11-win32-x86_64\bin\instrument.dll
0x00007fff7ac90000 - 0x00007fff7acb0000 	c:\Users\Gabriel\.vscode\extensions\redhat.java-1.55.0-win32-x64\jre\21.0.11-win32-x86_64\bin\java.dll
0x00007ffff4010000 - 0x00007ffff4794000 	C:\WINDOWS\System32\SHELL32.dll
0x00007ffff0b70000 - 0x00007ffff13f0000 	C:\WINDOWS\SYSTEM32\windows.storage.dll
0x00007ffff56f0000 - 0x00007ffff57e6000 	C:\WINDOWS\System32\SHCORE.dll
0x00007ffff50d0000 - 0x00007ffff5137000 	C:\WINDOWS\System32\shlwapi.dll
0x00007ffff2ef0000 - 0x00007ffff2f19000 	C:\WINDOWS\SYSTEM32\profapi.dll
0x00007fff7ac70000 - 0x00007fff7ac88000 	c:\Users\Gabriel\.vscode\extensions\redhat.java-1.55.0-win32-x64\jre\21.0.11-win32-x86_64\bin\zip.dll
0x00007fffd6f40000 - 0x00007fffd6f50000 	C:\Users\Gabriel\.vscode\extensions\redhat.java-1.55.0-win32-x64\jre\21.0.11-win32-x86_64\bin\net.dll
0x00007fffec9a0000 - 0x00007fffecac9000 	C:\WINDOWS\SYSTEM32\WINHTTP.dll
0x00007ffff2270000 - 0x00007ffff22dc000 	C:\WINDOWS\system32\mswsock.dll
0x00007fff78ed0000 - 0x00007fff78ee6000 	C:\Users\Gabriel\.vscode\extensions\redhat.java-1.55.0-win32-x64\jre\21.0.11-win32-x86_64\bin\nio.dll
0x00007fffd5450000 - 0x00007fffd5460000 	c:\Users\Gabriel\.vscode\extensions\redhat.java-1.55.0-win32-x64\jre\21.0.11-win32-x86_64\bin\verify.dll

JVMTI agents:
c:\Users\Gabriel\.vscode\extensions\redhat.java-1.55.0-win32-x64\lombok\lombok-1.18.39-4050.jar path:c:\Users\Gabriel\.vscode\extensions\redhat.java-1.55.0-win32-x64\jre\21.0.11-win32-x86_64\bin\instrument.dll, loaded, initialized, instrumentlib options:none

dbghelp: loaded successfully - version: 4.0.5 - missing functions: none
symbol engine: initialized successfully - sym options: 0x614 - pdb path: .;c:\Users\Gabriel\.vscode\extensions\redhat.java-1.55.0-win32-x64\jre\21.0.11-win32-x86_64\bin;C:\WINDOWS\SYSTEM32;C:\WINDOWS\WinSxS\amd64_microsoft.windows.common-controls_6595b64144ccf1df_6.0.26100.8521_none_3e08b75ce33403b3;c:\Users\Gabriel\.vscode\extensions\redhat.java-1.55.0-win32-x64\jre\21.0.11-win32-x86_64\bin\server

VM Arguments:
jvm_args: --add-modules=ALL-SYSTEM --add-opens=java.base/java.util=ALL-UNNAMED --add-opens=java.base/java.lang=ALL-UNNAMED --add-opens=java.base/sun.nio.fs=ALL-UNNAMED -Declipse.application=org.eclipse.jdt.ls.core.id1 -Dosgi.bundles.defaultStartLevel=4 -Declipse.product=org.eclipse.jdt.ls.core.product -Djava.import.generatesMetadataFilesAtProjectRoot=false -DDetectVMInstallationsJob.disabled=true -Dfile.encoding=utf8 -XX:+UseParallelGC -XX:GCTimeRatio=4 -XX:AdaptiveSizePolicyWeight=90 -Dsun.zip.disableMemoryMapping=true -Xmx2G -Xms100m -Xlog:disable -javaagent:c:\Users\Gabriel\.vscode\extensions\redhat.java-1.55.0-win32-x64\lombok\lombok-1.18.39-4050.jar 
java_command: c:\Users\Gabriel\.vscode\extensions\redhat.java-1.55.0-win32-x64\server\plugins\org.eclipse.equinox.launcher_1.7.200.v20260619-2039.jar -configuration c:\Users\Gabriel\AppData\Roaming\Code\User\globalStorage\redhat.java\1.55.0\config_ss_win -data c:\Users\Gabriel\AppData\Roaming\Code\User\workspaceStorage\71cb7272697fd5f27bddfeeaa02c7d92\redhat.java\ss_ws --pipe=\\.\pipe\lsp-5db6711ae586fa234daaf4de7ed44ec4-sock
java_class_path (initial): c:\Users\Gabriel\.vscode\extensions\redhat.java-1.55.0-win32-x64\server\plugins\org.eclipse.equinox.launcher_1.7.200.v20260619-2039.jar
Launcher Type: SUN_STANDARD

[Global flags]
    uintx AdaptiveSizePolicyWeight                 = 90                                        {product} {command line}
     intx CICompilerCount                          = 12                                        {product} {ergonomic}
    uintx GCTimeRatio                              = 4                                         {product} {command line}
   size_t InitialHeapSize                          = 104857600                                 {product} {command line}
   size_t MaxHeapSize                              = 2147483648                                {product} {command line}
   size_t MaxNewSize                               = 715653120                                 {product} {ergonomic}
   size_t MinHeapDeltaBytes                        = 524288                                    {product} {ergonomic}
   size_t MinHeapSize                              = 104857600                                 {product} {command line}
   size_t NewSize                                  = 34603008                                  {product} {ergonomic}
    uintx NonNMethodCodeHeapSize                   = 7602480                                {pd product} {ergonomic}
    uintx NonProfiledCodeHeapSize                  = 122027880                              {pd product} {ergonomic}
   size_t OldSize                                  = 70254592                                  {product} {ergonomic}
    uintx ProfiledCodeHeapSize                     = 122027880                              {pd product} {ergonomic}
    uintx ReservedCodeCacheSize                    = 251658240                              {pd product} {ergonomic}
     bool SegmentedCodeCache                       = true                                      {product} {ergonomic}
   size_t SoftMaxHeapSize                          = 2147483648                             {manageable} {ergonomic}
     bool UseCompressedOops                        = true                           {product lp64_product} {ergonomic}
     bool UseLargePagesIndividualAllocation        = false                                  {pd product} {ergonomic}
     bool UseParallelGC                            = true                                      {product} {command line}

Logging:
Log output configuration:
 #0: stdout all=off uptime,level,tags foldmultilines=false
 #1: stderr all=off uptime,level,tags foldmultilines=false

Release file:
JAVA_VERSION="21.0.11" 
MODULES="java.base java.compiler java.datatransfer java.xml java.prefs java.desktop java.instrument java.logging java.management java.security.sasl java.naming java.rmi java.management.rmi java.net.http java.scripting java.security.jgss java.transaction.xa java.sql java.sql.rowset java.xml.crypto java.se java.smartcardio jdk.accessibility jdk.internal.jvmstat jdk.attach jdk.charsets jdk.internal.opt jdk.zipfs jdk.compiler jdk.crypto.ec jdk.crypto.cryptoki jdk.crypto.mscapi jdk.dynalink jdk.internal.ed jdk.editpad jdk.hotspot.agent jdk.httpserver jdk.internal.le jdk.internal.vm.ci jdk.internal.vm.compiler jdk.internal.vm.compiler.management jdk.jartool jdk.javadoc jdk.jcmd jdk.management jdk.management.agent jdk.jconsole jdk.jdeps jdk.jdwp.agent jdk.jdi jdk.jfr jdk.jshell jdk.jsobject jdk.jstatd jdk.localedata jdk.management.jfr jdk.naming.dns jdk.naming.rmi jdk.net jdk.nio.mapmode jdk.random jdk.sctp jdk.security.auth jdk.security.jgss jdk.unsupported jdk.unsupported.desktop jdk.xml.dom" 

Environment Variables:
PATH=C:\Program Files\Common Files\Oracle\Java\javapath;C:\WINDOWS\system32;C:\WINDOWS;C:\WINDOWS\System32\Wbem;C:\WINDOWS\System32\WindowsPowerShell\v1.0\;C:\WINDOWS\System32\OpenSSH\;C:\Program Files\NVIDIA Corporation\NVIDIA App\NvDLISR;C:\Program Files (x86)\NVIDIA Corporation\PhysX\Common;C:\Program Files\Git\cmd;C:\Program Files\nodejs\;C:\Program Files\Docker\Docker\resources\bin;C:\Program Files\dotnet\;C:\Users\Gabriel\AppData\Local\Microsoft\WindowsApps;C:\Users\Gabriel\AppData\Local\Programs\Microsoft VS Code\bin;C:\Users\Gabriel\AppData\Local\GitHubDesktop\bin;C:\Users\Gabriel\AppData\Roaming\npm
USERNAME=Gabriel
OS=Windows_NT
PROCESSOR_IDENTIFIER=AMD64 Family 25 Model 33 Stepping 2, AuthenticAMD
TMP=C:\Users\Gabriel\AppData\Local\Temp
TEMP=C:\Users\Gabriel\AppData\Local\Temp




Periodic native trim disabled

---------------  S Y S T E M  ---------------

OS:
 Windows 11 , 64 bit Build 26100 (10.0.26100.8521)
OS uptime: 0 days 4:57 hours
Hyper-V role detected

CPU: total 24 (initial active 24) (24 cores per cpu, 2 threads per core) family 25 model 33 stepping 2 microcode 0xa20120a, cx8, cmov, fxsr, ht, mmx, 3dnowpref, sse, sse2, sse3, ssse3, sse4a, sse4.1, sse4.2, popcnt, lzcnt, tsc, tscinvbit, avx, avx2, aes, erms, clmul, bmi1, bmi2, adx, sha, fma, vzeroupper, clflush, clflushopt, hv, rdtscp, rdpid, fsrm, f16c, cet_ss
Processor Information for the first 24 processors :
  Max Mhz: 3701, Current Mhz: 3701, Mhz Limit: 3701

Memory: 4k page, system-wide physical 16270M (827M free)
TotalPageFile size 44887M (AvailPageFile size 34M)
current process WorkingSet (physical memory assigned to process): 96M, peak: 96M
current process commit charge ("private bytes"): 274M, peak: 275M

vm_info: OpenJDK 64-Bit Server VM (21.0.11+10-LTS) for windows-amd64 JRE (21.0.11+10-LTS), built on 2026-04-21T00:00:00Z by "admin" with MS VC++ 17.12 (VS2022)

END.
